ARM Linker, 5.03 [Build 24] [MDK-ARM Standard]

==============================================================================

Section Cross References

    system_stm32f10x.o(.text) refers to system_stm32f10x.o(.data) for SystemCoreClock
    startup_stm32f10x_hd.o(RESET) refers to startup_stm32f10x_hd.o(STACK) for __initial_sp
    startup_stm32f10x_hd.o(RESET) refers to startup_stm32f10x_hd.o(.text) for Reset_Handler
    startup_stm32f10x_hd.o(RESET) refers to stm32f10x_it.o(.text) for NMI_Handler
    startup_stm32f10x_hd.o(RESET) refers to port.o(.emb_text) for SVC_Handler
    startup_stm32f10x_hd.o(RESET) refers to port.o(.text) for SysTick_Handler
    startup_stm32f10x_hd.o(.text) refers to system_stm32f10x.o(.text) for SystemInit
    startup_stm32f10x_hd.o(.text) refers to entry.o(.ARM.Collect$$$$00000000) for __main
    stm32f10x_adc.o(.text) refers to stm32f10x_rcc.o(.text) for RCC_APB2PeriphResetCmd
    stm32f10x_bkp.o(.text) refers to stm32f10x_rcc.o(.text) for RCC_BackupResetCmd
    stm32f10x_can.o(.text) refers to stm32f10x_rcc.o(.text) for RCC_APB1PeriphResetCmd
    stm32f10x_cec.o(.text) refers to stm32f10x_rcc.o(.text) for RCC_APB1PeriphResetCmd
    stm32f10x_dac.o(.text) refers to stm32f10x_rcc.o(.text) for RCC_APB1PeriphResetCmd
    stm32f10x_gpio.o(.text) refers to stm32f10x_rcc.o(.text) for RCC_APB2PeriphResetCmd
    stm32f10x_i2c.o(.text) refers to stm32f10x_rcc.o(.text) for RCC_APB1PeriphResetCmd
    stm32f10x_pwr.o(.text) refers to stm32f10x_rcc.o(.text) for RCC_APB1PeriphResetCmd
    stm32f10x_rcc.o(.text) refers to stm32f10x_rcc.o(.data) for APBAHBPrescTable
    stm32f10x_spi.o(.text) refers to stm32f10x_rcc.o(.text) for RCC_APB2PeriphResetCmd
    stm32f10x_tim.o(.text) refers to stm32f10x_rcc.o(.text) for RCC_APB2PeriphResetCmd
    stm32f10x_usart.o(.text) refers to stm32f10x_rcc.o(.text) for RCC_APB2PeriphResetCmd
    stm32f10x_wwdg.o(.text) refers to stm32f10x_rcc.o(.text) for RCC_APB1PeriphResetCmd
    port.o(.emb_text) refers to tasks.o(.text) for vTaskSwitchContext
    port.o(.emb_text) refers to tasks.o(.data) for pxCurrentTCB
    port.o(.text) refers to port.o(.emb_text) for __asm___6_port_c_39a90d8d__prvStartFirstTask
    port.o(.text) refers to tasks.o(.text) for xTaskIncrementTick
    port.o(.text) refers to port.o(.data) for uxCriticalNesting
    heap_2.o(.text) refers to tasks.o(.text) for vTaskSuspendAll
    heap_2.o(.text) refers to heap_2.o(.bss) for ucHeap
    heap_2.o(.text) refers to heap_2.o(.data) for xStart
    queue.o(.text) refers to port.o(.text) for vPortEnterCritical
    queue.o(.text) refers to tasks.o(.text) for xTaskRemoveFromEventList
    queue.o(.text) refers to list.o(.text) for vListInitialise
    queue.o(.text) refers to heap_2.o(.text) for pvPortMalloc
    queue.o(.text) refers to memcpya.o(.text) for __aeabi_memcpy
    tasks.o(.text) refers to list.o(.text) for vListInitialise
    tasks.o(.text) refers to port.o(.text) for vPortEnterCritical
    tasks.o(.text) refers to heap_2.o(.text) for pvPortMalloc
    tasks.o(.text) refers to main.o(.text) for vApplicationTickHook
    tasks.o(.text) refers to tasks.o(.bss) for pxReadyTasksLists
    tasks.o(.text) refers to tasks.o(.data) for pxDelayedTaskList
    apilib.o(.text) refers to stm32f10x_usart.o(.text) for USART_ITConfig
    apilib.o(.text) refers to display.o(.text) for DrawTestPage
    apilib.o(.text) refers to gui.o(.text) for LCD_Fill
    apilib.o(.text) refers to main.o(.bss) for mMaininf
    apilib.o(.text) refers to lcd_driver.o(.bss) for lcddev
    tk_timercontroller.o(.text) refers to apilib.o(.text) for api_GetCurrentSystemTime
    tk_timercontroller.o(.text) refers to stm32f10x_iwdg.o(.text) for IWDG_ReloadCounter
    tk_timercontroller.o(.text) refers to tasks.o(.text) for vTaskDelay
    tk_displaycontroller.o(.text) refers to apilib.o(.text) for api_MachinePowerOn
    tk_displaycontroller.o(.text) refers to stm32f10x_iwdg.o(.text) for IWDG_ReloadCounter
    tk_displaycontroller.o(.text) refers to display.o(.text) for Test_Display
    bsp.o(.text) refers to misc.o(.text) for NVIC_PriorityGroupConfig
    bsp.o(.text) refers to stm32f10x_rcc.o(.text) for RCC_HSICmd
    bsp.o(.text) refers to stm32f10x_gpio.o(.text) for GPIO_PinRemapConfig
    bsp.o(.text) refers to stm32f10x_iwdg.o(.text) for IWDG_WriteAccessCmd
    bsp.o(.text) refers to stm32f10x_tim.o(.text) for TIM_TimeBaseInit
    bsp.o(.text) refers to stm32f10x_usart.o(.text) for USART_Init
    bsp.o(.text) refers to delay.o(.text) for delay_init
    bsp.o(.text) refers to lcd_driver.o(.text) for LCD_Init
    bsp.o(.text) refers to touch.o(.text) for TP_Init
    bsp.o(.text) refers to bsp.o(.data) for HSEStartUpStatus
    bsp.o(.text) refers to system_stm32f10x.o(.data) for SystemCoreClock
    bsp.o(.text) refers to main.o(.bss) for mMaininf
    main.o(.text) refers to tasks.o(.text) for xTaskCreate
    main.o(.text) refers to bsp.o(.text) for prvSetupHardware
    main.o(.text) refers to main.o(.data) for xTaskTimer
[...]
    display.o(.text) refers to lcd_driver.o(.text) for LCD_Clear
    display.o(.text) refers to gui.o(.text) for LCD_Fill
    display.o(.text) refers to lcd_driver.o(.bss) for lcddev
    display.o(.text) refers to lcd_driver.o(.data) for POINT_COLOR
    display.o(.text) refers to main.o(.bss) for mMaininf
    display.o(.text) refers to display.o(.data) for mpass
    display.o(.text) refers to apilib.o(.text) for api_SendCMDData
    display.o(.text) refers to tasks.o(.text) for vTaskDelay
    gui.o(.text) refers to lcd_driver.o(.text) for LCD_SetCursor
    gui.o(.text) refers to lcd_driver.o(.bss) for lcddev
    gui.o(.text) refers to lcd_driver.o(.data) for POINT_COLOR
    gui.o(.text) refers to gui.o(.constdata) for asc2_1206
    gui.o(.text) refers to strlen.o(.text) for strlen
    lcd_driver.o(.text) refers to spi.o(.text) for SPI_WriteByte
    lcd_driver.o(.text) refers to stm32f10x_gpio.o(.text) for GPIO_Init
    lcd_driver.o(.text) refers to delay.o(.text) for delay_ms
    lcd_driver.o(.text) refers to lcd_driver.o(.bss) for lcddev
    lcd_driver.o(.text) refers to lcd_driver.o(.data) for POINT_COLOR
    spi.o(.text) refers to stm32f10x_gpio.o(.text) for GPIO_Init
    spi.o(.text) refers to stm32f10x_spi.o(.text) for SPI_Init
    touch.o(.text) refers to delay.o(.text) for delay_us
    touch.o(.text) refers to gui.o(.text) for LCD_DrawLine
    touch.o(.text) refers to lcd_driver.o(.text) for LCD_DrawPoint
    touch.o(.text) refers to fflti.o(.text) for __aeabi_i2f
    touch.o(.text) refers to ffltui.o(.text) for __aeabi_ui2f
    touch.o(.text) refers to fmul.o(.text) for __aeabi_fmul
    touch.o(.text) refers to fadd.o(.text) for __aeabi_fadd
    touch.o(.text) refers to ffixui.o(.text) for __aeabi_f2uiz
    touch.o(.text) refers to touch.o(.data) for CMD_RDX
    touch.o(.text) refers to lcd_driver.o(.data) for POINT_COLOR
    touch.o(.text) refers to dfltui.o(.text) for __aeabi_ui2d
    touch.o(.text) refers to sqrt.o(i.sqrt) for sqrt
    touch.o(.text) refers to dfixui.o(.text) for __aeabi_d2uiz
    touch.o(.text) refers to fdiv.o(.text) for __aeabi_fdiv
    touch.o(.text) refers to f2d.o(.text) for __aeabi_f2d
    touch.o(.text) refers to cdcmple.o(.text) for __aeabi_cdcmple
    touch.o(.text) refers to cdrcmple.o(.text) for __aeabi_cdrcmple
    touch.o(.text) refers to lcd_driver.o(.bss) for lcddev
    touch.o(.text) refers to ffixi.o(.text) for __aeabi_f2iz
    touch.o(.text) refers to stm32f10x_gpio.o(.text) for GPIO_Init
    touch.o(.text) refers to dflti.o(.text) for __aeabi_i2d
    touch.o(.text) refers to ddiv.o(.text) for __aeabi_ddiv
    touch.o(.text) refers to main.o(.bss) for mMaininf
    touch.o(.data) refers to touch.o(.text) for TP_Init
    touch.o(.data) refers to touch.o(.conststring) for .conststring
    sqrt.o(i.__softfp_sqrt) refers (Special) to iusefp.o(.text) for __I$use$fp
    sqrt.o(i.__softfp_sqrt) refers to dsqrt.o(.text) for _dsqrt
    sqrt.o(i.__softfp_sqrt) refers to errno.o(i.__set_errno) for __set_errno
    sqrt.o(i.sqrt) refers (Special) to iusefp.o(.text) for __I$use$fp
    sqrt.o(i.sqrt) refers to dsqrt.o(.text) for _dsqrt
    sqrt.o(i.sqrt) refers to errno.o(i.__set_errno) for __set_errno
    sqrt_x.o(i.____softfp_sqrt$lsc) refers (Special) to iusefp.o(.text) for __I$use$fp
    sqrt_x.o(i.____softfp_sqrt$lsc) refers to cdcmple.o(.text) for __aeabi_cdcmple
    sqrt_x.o(i.____softfp_sqrt$lsc) refers to errno.o(i.__set_errno) for __set_errno
    sqrt_x.o(i.____softfp_sqrt$lsc) refers to dsqrt.o(.text) for _dsqrt
    sqrt_x.o(i.__sqrt$lsc) refers (Special) to iusefp.o(.text) for __I$use$fp
    sqrt_x.o(i.__sqrt$lsc) refers to cdcmple.o(.text) for __aeabi_cdcmple
    sqrt_x.o(i.__sqrt$lsc) refers to errno.o(i.__set_errno) for __set_errno
    sqrt_x.o(i.__sqrt$lsc) refers to dsqrt.o(.text) for _dsqrt
    entry.o(.ARM.Collect$$$$00000000) refers (Special) to entry10a.o(.ARM.Collect$$$$0000000D) for __rt_final_cpp
    entry.o(.ARM.Collect$$$$00000000) refers (Special) to entry11a.o(.ARM.Collect$$$$0000000F) for __rt_final_exit
    entry.o(.ARM.Collect$$$$00000000) refers (Special) to entry7b.o(.ARM.Collect$$$$00000008) for _main_clock
    entry.o(.ARM.Collect$$$$00000000) refers (Special) to entry8b.o(.ARM.Collect$$$$0000000A) for _main_cpp_init
    entry.o(.ARM.Collect$$$$00000000) refers (Special) to entry9a.o(.ARM.Collect$$$$0000000B) for _main_init
    entry.o(.ARM.Collect$$$$00000000) refers (Special) to entry5.o(.ARM.Collect$$$$00000004) for _main_scatterload
    entry.o(.ARM.Collect$$$$00000000) refers (Special) to entry2.o(.ARM.Collect$$$$00000001) for _main_stk
    fadd.o(.text) refers (Special) to iusefp.o(.text) for __I$use$fp
    fadd.o(.text) refers to fepilogue.o(.text) for _float_epilogue
    fmul.o(.text) refers (Special) to iusefp.o(.text) for __I$use$fp
    fdiv.o(.text) refers (Special) to iusefp.o(.text) for __I$use$fp
    fdiv.o(.text) refers to fepilogue.o(.text) for _float_round
    ddiv.o(.text) refers (Special) to iusefp.o(.text) for __I$use$fp
    ddiv.o(.text) refers to depilogue.o(.text) for _double_round
    fflti.o(.text) refers (Special) to iusefp.o(.text) for __I$use$fp
    fflti.o(.text) refers to fepilogue.o(.text) for _float_epilogue
    ffltui.o(.text) refers (Special) to iusefp.o(.text) for __I$use$fp
    ffltui.o(.text) refers to fepilogue.o(.text) for _float_epilogue
    dflti.o(.text) refers (Special) to iusefp.o(.text) for __I$use$fp
    dflti.o(.text) refers to depilogue.o(.text) for _double_epilogue
    dfltui.o(.text) refers (Special) to iusefp.o(.text) for __I$use$fp
    dfltui.o(.text) refers to depilogue.o(.text) for _double_epilogue
    ffixi.o(.text) refers (Special) to iusefp.o(.text) for __I$use$fp
    ffixui.o(.text) refers (Special) to iusefp.o(.text) for __I$use$fp
    dfixui.o(.text) refers (Special) to iusefp.o(.text) for __I$use$fp
    dfixui.o(.text) refers to llushr.o(.text) for __aeabi_llsr
    f2d.o(.text) refers (Special) to iusefp.o(.text) for __I$use$fp
    cdcmple.o(.text) refers (Special) to iusefp.o(.text) for __I$use$fp
    cdrcmple.o(.text) refers (Special) to iusefp.o(.text) for __I$use$fp
    entry2.o(.ARM.Collect$$$$00000001) refers to entry2.o(.ARM.Collect$$$$00002712) for __lit__00000000
    entry2.o(.ARM.Collect$$$$00002712) refers to startup_stm32f10x_hd.o(STACK) for __initial_sp
    entry2.o(__vectab_stack_and_reset_area) refers to startup_stm32f10x_hd.o(STACK) for __initial_sp
    entry2.o(__vectab_stack_and_reset_area) refers to entry.o(.ARM.Collect$$$$00000000) for __main
    entry5.o(.ARM.Collect$$$$00000004) refers to init.o(.text) for __scatterload
    entry9a.o(.ARM.Collect$$$$0000000B) refers to main.o(.text) for main
    entry9b.o(.ARM.Collect$$$$0000000C) refers to main.o(.text) for main
    errno.o(i.__aeabi_errno_addr) refers to errno.o(.data) for .data
    errno.o(i.__read_errno) refers to errno.o(.data) for .data
    errno.o(i.__set_errno) refers to errno.o(.data) for .data
    depilogue.o(.text) refers to llshl.o(.text) for __aeabi_llsl
    depilogue.o(.text) refers to llushr.o(.text) for __aeabi_llsr
    dsqrt.o(.text) refers to llushr.o(.text) for __aeabi_llsr
    dsqrt.o(.text) refers to depilogue.o(.text) for _double_round
    init.o(.text) refers to entry5.o(.ARM.Collect$$$$00000004) for __main_after_scatterload


==============================================================================

Removing Unused input sections from the image.

    Removing core_cm3.o(.emb_text), (32 bytes).
    Removing startup_stm32f10x_hd.o(HEAP), (512 bytes).
    Removing stm32f10x_adc.o(.text), (1102 bytes).
    Removing stm32f10x_bkp.o(.text), (196 bytes).
    Removing stm32f10x_can.o(.text), (2536 bytes).
    Removing stm32f10x_cec.o(.text), (288 bytes).
    Removing stm32f10x_crc.o(.text), (72 bytes).
    Removing stm32f10x_dac.o(.text), (396 bytes).
    Removing stm32f10x_dbgmcu.o(.text), (48 bytes).
    Removing stm32f10x_dma.o(.text), (592 bytes).
    Removing stm32f10x_exti.o(.text), (284 bytes).
    Removing stm32f10x_flash.o(.text), (1468 bytes).
    Removing stm32f10x_fsmc.o(.text), (1560 bytes).
    Removing stm32f10x_i2c.o(.text), (1028 bytes).
    Removing stm32f10x_pwr.o(.text), (204 bytes).
    Removing stm32f10x_rtc.o(.text), (324 bytes).
    Removing stm32f10x_sdio.o(.text), (472 bytes).
    Removing stm32f10x_wwdg.o(.text), (136 bytes).
    Removing queue.o(.text), (2132 bytes).
    Removing apilib.o(.data), (1 bytes).
    Removing tk_timercontroller.o(.data), (17 bytes).
    Removing tk_displaycontroller.o(.constdata), (3200 bytes).
    Removing tk_displaycontroller.o(.data), (288 bytes).
    Removing gui.o(.data), (1 bytes).

24 unused section(s) (total 16889 bytes) removed from the image.

==============================================================================

Image Symbol Table

    Local Symbols

    Symbol Name                              Value     Ov Type        Size  Object(Section)

    ../clib/microlib/errno.c                 0x00000000   Number         0  errno.o ABSOLUTE
    ../clib/microlib/init/entry.s            0x00000000   Number         0  entry9a.o ABSOLUTE
    ../clib/microlib/init/entry.s            0x00000000   Number         0  entry10a.o ABSOLUTE
    ../clib/microlib/init/entry.s            0x00000000   Number         0  entry7b.o ABSOLUTE
    ../clib/microlib/init/entry.s            0x00000000   Number         0  entry11b.o ABSOLUTE
    ../clib/microlib/init/entry.s            0x00000000   Number         0  entry11a.o ABSOLUTE
    ../clib/microlib/init/entry.s            0x00000000   Number         0  entry10b.o ABSOLUTE
    ../clib/microlib/init/entry.s            0x00000000   Number         0  entry9b.o ABSOLUTE
    ../clib/microlib/init/entry.s            0x00000000   Number         0  entry8b.o ABSOLUTE
    ../clib/microlib/init/entry.s            0x00000000   Number         0  entry.o ABSOLUTE
    ../clib/microlib/init/entry.s            0x00000000   Number         0  entry8a.o ABSOLUTE
    ../clib/microlib/init/entry.s            0x00000000   Number         0  entry2.o ABSOLUTE
    ../clib/microlib/init/entry.s            0x00000000   Number         0  entry5.o ABSOLUTE
    ../clib/microlib/init/entry.s            0x00000000   Number         0  entry7a.o ABSOLUTE
    ../clib/microlib/longlong.c              0x00000000   Number         0  llushr.o ABSOLUTE
    ../clib/microlib/longlong.c              0x00000000   Number         0  llshl.o ABSOLUTE
    ../clib/microlib/string/memcpy.c         0x00000000   Number         0  memcpya.o ABSOLUTE
    ../clib/microlib/string/memcpy.c         0x00000000   Number         0  memcpyb.o ABSOLUTE
    ../clib/microlib/string/strlen.c         0x00000000   Number         0  strlen.o ABSOLUTE
    ../clib/microlib/stubs.s                 0x00000000   Number         0  iusefp.o ABSOLUTE
    ../fplib/microlib/f2d.c                  0x00000000   Number         0  f2d.o ABSOLUTE
    ../fplib/microlib/fpadd.c                0x00000000   Number         0  fadd.o ABSOLUTE
    ../fplib/microlib/fpdiv.c                0x00000000   Number         0  fdiv.o ABSOLUTE
    ../fplib/microlib/fpdiv.c                0x00000000   Number         0  ddiv.o ABSOLUTE
    ../fplib/microlib/fpepilogue.c           0x00000000   Number         0  depilogue.o ABSOLUTE
    ../fplib/microlib/fpepilogue.c           0x00000000   Number         0  fepilogue.o ABSOLUTE
    ../fplib/microlib/fpfix.c                0x00000000   Number         0  ffixi.o ABSOLUTE
    ../fplib/microlib/fpfix.c                0x00000000   Number         0  ffixui.o ABSOLUTE
    ../fplib/microlib/fpfix.c                0x00000000   Number         0  dfixui.o ABSOLUTE
    ../fplib/microlib/fpflt.c                0x00000000   Number         0  ffltui.o ABSOLUTE
    ../fplib/microlib/fpflt.c                0x00000000   Number         0  dflti.o ABSOLUTE
    ../fplib/microlib/fpflt.c                0x00000000   Number         0  fflti.o ABSOLUTE
    ../fplib/microlib/fpflt.c                0x00000000   Number         0  dfltui.o ABSOLUTE
    ../fplib/microlib/fpmul.c                0x00000000   Number         0  fmul.o ABSOLUTE
    ../fplib/microlib/fpsqrt.c               0x00000000   Number         0  dsqrt.o ABSOLUTE
    ../mathlib/sqrt.c                        0x00000000   Number         0  sqrt.o ABSOLUTE
    ../mathlib/sqrt.c                        0x00000000   Number         0  sqrt_x.o ABSOLUTE
    Display\display.c                        0x00000000   Number         0  display.o ABSOLUTE
    Display\gui.c                            0x00000000   Number         0  gui.o ABSOLUTE
    Display\lcd_driver.c                     0x00000000   Number         0  lcd_driver.o ABSOLUTE
    Display\spi.c                            0x00000000   Number         0  spi.o ABSOLUTE
    Display\touch.c                          0x00000000   Number         0  touch.o ABSOLUTE
    FreeRTOS\Portable\port.c                 0x00000000   Number         0  port.o ABSOLUTE
    FreeRTOS\\Portable\\port.c               0x00000000   Number         0  port.o ABSOLUTE
    FreeRTOS\heap_2.c                        0x00000000   Number         0  heap_2.o ABSOLUTE
    FreeRTOS\list.c                          0x00000000   Number         0  list.o ABSOLUTE
    FreeRTOS\queue.c                         0x00000000   Number         0  queue.o ABSOLUTE
    FreeRTOS\tasks.c                         0x00000000   Number         0  tasks.o ABSOLUTE
    FunLib\apiLib.c                          0x00000000   Number         0  apilib.o ABSOLUTE
    Lib\CMSIS\STM32F10x\startup\startup_stm32f10x_hd.s 0x00000000   Number         0  startup_stm32f10x_hd.o ABSOLUTE
    Lib\CMSIS\STM32F10x\system_stm32f10x.c   0x00000000   Number         0  system_stm32f10x.o ABSOLUTE
    Lib\CMSIS\core_cm3.c                     0x00000000   Number         0  core_cm3.o ABSOLUTE
    Lib\STM32F10x_StdPeriph_Driver\src\misc.c 0x00000000   Number         0  misc.o ABSOLUTE
    Lib\STM32F10x_StdPeriph_Driver\src\stm32f10x_adc.c 0x00000000   Number         0  stm32f10x_adc.o ABSOLUTE
    Lib\STM32F10x_StdPeriph_Driver\src\stm32f10x_bkp.c 0x00000000   Number         0  stm32f10x_bkp.o ABSOLUTE
    Lib\STM32F10x_StdPeriph_Driver\src\stm32f10x_can.c 0x00000000   Number         0  stm32f10x_can.o ABSOLUTE
    Lib\STM32F10x_StdPeriph_Driver\src\stm32f10x_cec.c 0x00000000   Number         0  stm32f10x_cec.o ABSOLUTE
    Lib\STM32F10x_StdPeriph_Driver\src\stm32f10x_crc.c 0x00000000   Number         0  stm32f10x_crc.o ABSOLUTE
    Lib\STM32F10x_StdPeriph_Driver\src\stm32f10x_dac.c 0x00000000   Number         0  stm32f10x_dac.o ABSOLUTE
    Lib\STM32F10x_StdPeriph_Driver\src\stm32f10x_dbgmcu.c 0x00000000   Number         0  stm32f10x_dbgmcu.o ABSOLUTE
    Lib\STM32F10x_StdPeriph_Driver\src\stm32f10x_dma.c 0x00000000   Number         0  stm32f10x_dma.o ABSOLUTE
    Lib\STM32F10x_StdPeriph_Driver\src\stm32f10x_exti.c 0x00000000   Number         0  stm32f10x_exti.o ABSOLUTE
    Lib\STM32F10x_StdPeriph_Driver\src\stm32f10x_flash.c 0x00000000   Number         0  stm32f10x_flash.o ABSOLUTE
    Lib\STM32F10x_StdPeriph_Driver\src\stm32f10x_fsmc.c 0x00000000   Number         0  stm32f10x_fsmc.o ABSOLUTE
    Lib\STM32F10x_StdPeriph_Driver\src\stm32f10x_gpio.c 0x00000000   Number         0  stm32f10x_gpio.o ABSOLUTE
    Lib\STM32F10x_StdPeriph_Driver\src\stm32f10x_i2c.c 0x00000000   Number         0  stm32f10x_i2c.o ABSOLUTE
    Lib\STM32F10x_StdPeriph_Driver\src\stm32f10x_iwdg.c 0x00000000   Number         0  stm32f10x_iwdg.o ABSOLUTE
    Lib\STM32F10x_StdPeriph_Driver\src\stm32f10x_pwr.c 0x00000000   Number         0  stm32f10x_pwr.o ABSOLUTE
    Lib\STM32F10x_StdPeriph_Driver\src\stm32f10x_rcc.c 0x00000000   Number         0  stm32f10x_rcc.o ABSOLUTE
    Lib\STM32F10x_StdPeriph_Driver\src\stm32f10x_rtc.c 0x00000000   Number         0  stm32f10x_rtc.o ABSOLUTE
    Lib\STM32F10x_StdPeriph_Driver\src\stm32f10x_sdio.c 0x00000000   Number         0  stm32f10x_sdio.o ABSOLUTE
    Lib\STM32F10x_StdPeriph_Driver\src\stm32f10x_spi.c 0x00000000   Number         0  stm32f10x_spi.o ABSOLUTE
    Lib\STM32F10x_StdPeriph_Driver\src\stm32f10x_tim.c 0x00000000   Number         0  stm32f10x_tim.o ABSOLUTE
    Lib\STM32F10x_StdPeriph_Driver\src\stm32f10x_usart.c 0x00000000   Number         0  stm32f10x_usart.o ABSOLUTE
    Lib\STM32F10x_StdPeriph_Driver\src\stm32f10x_wwdg.c 0x00000000   Number         0  stm32f10x_wwdg.o ABSOLUTE
    Lib\\CMSIS\\core_cm3.c                   0x00000000   Number         0  core_cm3.o ABSOLUTE
    Project\bsp.c                            0x00000000   Number         0  bsp.o ABSOLUTE
    Project\delay.c                          0x00000000   Number         0  delay.o ABSOLUTE
    Project\main.c                           0x00000000   Number         0  main.o ABSOLUTE
    Project\stm32f10x_it.c                   0x00000000   Number         0  stm32f10x_it.o ABSOLUTE
    Project\timer.c                          0x00000000   Number         0  timer.o ABSOLUTE
    TaskManager\TK_DisplayController.c       0x00000000   Number         0  tk_displaycontroller.o ABSOLUTE
    TaskManager\TK_TimerController.c         0x00000000   Number         0  tk_timercontroller.o ABSOLUTE
    cdcmple.s                                0x00000000   Number         0  cdcmple.o ABSOLUTE
    cdrcmple.s                               0x00000000   Number         0  cdrcmple.o ABSOLUTE
    dc.s                                     0x00000000   Number         0  dc.o ABSOLUTE
    handlers.s                               0x00000000   Number         0  handlers.o ABSOLUTE
    init.s                                   0x00000000   Number         0  init.o ABSOLUTE
    RESET                                    0x08000000   Section      304  startup_stm32f10x_hd.o(RESET)
    .ARM.Collect$$$$00000000                 0x08000130   Section        0  entry.o(.ARM.Collect$$$$00000000)
    .ARM.Collect$$$$00000001                 0x08000130   Section        4  entry2.o(.ARM.Collect$$$$00000001)
    .ARM.Collect$$$$00000004                 0x08000134   Section        4  entry5.o(.ARM.Collect$$$$00000004)
    .ARM.Collect$$$$00000008                 0x08000138   Section        0  entry7b.o(.ARM.Collect$$$$00000008)
    .ARM.Collect$$$$0000000A                 0x08000138   Section        0  entry8b.o(.ARM.Collect$$$$0000000A)
    .ARM.Collect$$$$0000000B                 0x08000138   Section        8  entry9a.o(.ARM.Collect$$$$0000000B)
    .ARM.Collect$$$$0000000D                 0x08000140   Section        0  entry10a.o(.ARM.Collect$$$$0000000D)
    .ARM.Collect$$$$0000000F                 0x08000140   Section        0  entry11a.o(.ARM.Collect$$$$0000000F)
    .ARM.Collect$$$$00002712                 0x08000140   Section        4  entry2.o(.ARM.Collect$$$$00002712)
    __lit__00000000                          0x08000140   Data           4  entry2.o(.ARM.Collect$$$$00002712)
    .emb_text                                0x08000144   Section      150  port.o(.emb_text)
    .text                                    0x080001dc   Section        0  system_stm32f10x.o(.text)
    SetSysClockTo72                          0x080001dd   Thumb Code   212  system_stm32f10x.o(.text)
    SetSysClock                              0x080002b1   Thumb Code     8  system_stm32f10x.o(.text)
    .text                                    0x080003b8   Section       36  startup_stm32f10x_hd.o(.text)
    .text                                    0x080003dc   Section        0  misc.o(.text)
    .text                                    0x080004b8   Section        0  stm32f10x_gpio.o(.text)
    .text                                    0x08000810   Section        0  stm32f10x_iwdg.o(.text)
    .text                                    0x08000850   Section        0  stm32f10x_rcc.o(.text)
    .text                                    0x08000bf4   Section        0  stm32f10x_spi.o(.text)
    .text                                    0x08000f00   Section        0  stm32f10x_tim.o(.text)
    TI4_Config                               0x080013a7   Thumb Code   130  stm32f10x_tim.o(.text)
    TI3_Config                               0x0800143b   Thumb Code   122  stm32f10x_tim.o(.text)
    TI2_Config                               0x080014cf   Thumb Code   130  stm32f10x_tim.o(.text)
    TI1_Config                               0x08001563   Thumb Code   108  stm32f10x_tim.o(.text)
    .text                                    0x08001d1c   Section        0  stm32f10x_usart.o(.text)
    .text                                    0x08002124   Section        0  port.o(.text)
    prvTaskExitError                         0x08002125   Thumb Code    22  port.o(.text)
    .text                                    0x08002210   Section        0  heap_2.o(.text)
    prvHeapInit                              0x08002211   Thumb Code    42  heap_2.o(.text)
    .text                                    0x08002334   Section        0  list.o(.text)
    .text                                    0x080023c8   Section        0  tasks.o(.text)
    prvInitialiseTaskLists                   0x080023c9   Thumb Code    70  tasks.o(.text)
    prvAddNewTaskToReadyList                 0x0800240f   Thumb Code   150  tasks.o(.text)
    prvInitialiseNewTask                     0x080024a5   Thumb Code   138  tasks.o(.text)
    prvResetNextTaskUnblockTime              0x0800258f   Thumb Code    42  tasks.o(.text)
    prvDeleteTCB                             0x080025b9   Thumb Code    18  tasks.o(.text)
    prvAddCurrentTaskToDelayedList           0x08002887   Thumb Code   124  tasks.o(.text)
    prvTaskIsTaskSuspended                   0x08002bcb   Thumb Code   118  tasks.o(.text)
    prvCheckTasksWaitingTermination          0x08002d2b   Thumb Code    60  tasks.o(.text)
    prvIdleTask                              0x08002d67   Thumb Code    32  tasks.o(.text)
    .text                                    0x0800337c   Section        0  apilib.o(.text)
    .text                                    0x08003680   Section        0  tk_timercontroller.o(.text)
    .text                                    0x080036b4   Section        0  tk_displaycontroller.o(.text)
    .text                                    0x080036c4   Section        0  bsp.o(.text)
    .text                                    0x08003aa8   Section        0  main.o(.text)
    .text                                    0x08003b18   Section        0  stm32f10x_it.o(.text)
    .text                                    0x08003c28   Section        0  delay.o(.text)
    .text                                    0x08003cd4   Section        0  display.o(.text)
    .text                                    0x08007f5c   Section        0  gui.o(.text)
    _swap                                    0x08008247   Thumb Code    10  gui.o(.text)
    .text                                    0x08009594   Section        0  lcd_driver.o(.text)
    .text                                    0x08009aa0   Section        0  spi.o(.text)
    .text                                    0x08009b64   Section        0  touch.o(.text)
    .text                                    0x0800aac4   Section        0  strlen.o(.text)
    .text                                    0x0800aad2   Section        0  fadd.o(.text)
    .text                                    0x0800ab82   Section        0  fmul.o(.text)
    .text                                    0x0800abee   Section        0  fdiv.o(.text)
    .text                                    0x0800ac6e   Section        0  ddiv.o(.text)
    .text                                    0x0800ad4c   Section        0  fflti.o(.text)
    .text                                    0x0800ad5e   Section        0  ffltui.o(.text)
    .text                                    0x0800ad68   Section        0  dflti.o(.text)
    .text                                    0x0800ad8a   Section        0  dfltui.o(.text)
    .text                                    0x0800ada4   Section        0  ffixi.o(.text)
    .text                                    0x0800add6   Section        0  ffixui.o(.text)
    .text                                    0x0800adfe   Section        0  dfixui.o(.text)
    .text                                    0x0800ae30   Section        0  f2d.o(.text)
    .text                                    0x0800ae58   Section       40  cdcmple.o(.text)
    .text                                    0x0800ae80   Section       40  cdrcmple.o(.text)
    .text                                    0x0800aea8   Section        0  llushr.o(.text)
    .text                                    0x0800aec8   Section        0  fepilogue.o(.text)
    .text                                    0x0800aec8   Section        0  iusefp.o(.text)
    .text                                    0x0800af34   Section        0  depilogue.o(.text)
    .text                                    0x0800aff2   Section        0  dsqrt.o(.text)
    .text                                    0x0800b094   Section       36  init.o(.text)
    .text                                    0x0800b0b8   Section        0  llshl.o(.text)
    i.__scatterload_copy                     0x0800b0d6   Section       14  handlers.o(i.__scatterload_copy)
    i.__scatterload_null                     0x0800b0e4   Section        2  handlers.o(i.__scatterload_null)
    i.__scatterload_zeroinit                 0x0800b0e6   Section       14  handlers.o(i.__scatterload_zeroinit)
    i.__set_errno                            0x0800b0f4   Section        0  errno.o(i.__set_errno)
    i.sqrt                                   0x0800b100   Section        0  sqrt.o(i.sqrt)
    .constdata                               0x0800b14e   Section    42126  gui.o(.constdata)
    .conststring                             0x080155dc   Section      121  touch.o(.conststring)
    .data                                    0x20000000   Section       20  system_stm32f10x.o(.data)
    .data                                    0x20000014   Section       20  stm32f10x_rcc.o(.data)
    APBAHBPrescTable                         0x20000014   Data          16  stm32f10x_rcc.o(.data)
    ADCPrescTable                            0x20000024   Data           4  stm32f10x_rcc.o(.data)
    .data                                    0x20000028   Section        4  port.o(.data)
    uxCriticalNesting                        0x20000028   Data           4  port.o(.data)
    .data                                    0x2000002c   Section       24  heap_2.o(.data)
    xFreeBytesRemaining                      0x2000002c   Data           4  heap_2.o(.data)
    xHeapHasBeenInitialised                  0x20000030   Data           4  heap_2.o(.data)
    xStart                                   0x20000034   Data           8  heap_2.o(.data)
    xEnd                                     0x2000003c   Data           8  heap_2.o(.data)
    .data                                    0x20000044   Section       60  tasks.o(.data)
    uxDeletedTasksWaitingCleanUp             0x20000048   Data           4  tasks.o(.data)
    uxCurrentNumberOfTasks                   0x2000004c   Data           4  tasks.o(.data)
    xTickCount                               0x20000050   Data           4  tasks.o(.data)
    uxTopReadyPriority                       0x20000054   Data           4  tasks.o(.data)
    xSchedulerRunning                        0x20000058   Data           4  tasks.o(.data)
    uxPendedTicks                            0x2000005c   Data           4  tasks.o(.data)
    xYieldPending                            0x20000060   Data           4  tasks.o(.data)
    xNumOfOverflows                          0x20000064   Data           4  tasks.o(.data)
    uxTaskNumber                             0x20000068   Data           4  tasks.o(.data)
    xNextTaskUnblockTime                     0x2000006c   Data           4  tasks.o(.data)
    xIdleTaskHandle                          0x20000070   Data           4  tasks.o(.data)
    uxSchedulerSuspended                     0x20000074   Data           4  tasks.o(.data)
    pxDelayedTaskList                        0x20000078   Data           4  tasks.o(.data)
    pxOverflowDelayedTaskList                0x2000007c   Data           4  tasks.o(.data)
    .data                                    0x20000080   Section        1  bsp.o(.data)
    HSEStartUpStatus                         0x20000080   Data           1  bsp.o(.data)
    .data                                    0x20000084   Section       12  main.o(.data)
    HSEStartUpStatus                         0x20000084   Data           1  main.o(.data)
    .data                                    0x20000090   Section        4  delay.o(.data)
    fac_us                                   0x20000090   Data           1  delay.o(.data)
    fac_ms                                   0x20000092   Data           2  delay.o(.data)
    .data                                    0x20000094   Section        4  display.o(.data)
    .data                                    0x20000098   Section        8  lcd_driver.o(.data)
    HSEStartUpStatus                         0x20000098   Data           1  lcd_driver.o(.data)
    .data                                    0x200000a0   Section       52  touch.o(.data)
    .data                                    0x200000d4   Section        4  errno.o(.data)
    _errno                                   0x200000d4   Data           4  errno.o(.data)
    .bss                                     0x200000d8   Section    16384  heap_2.o(.bss)
    ucHeap                                   0x200000d8   Data       16384  heap_2.o(.bss)
    .bss                                     0x200040d8   Section      260  tasks.o(.bss)
    pxReadyTasksLists                        0x200040d8   Data         160  tasks.o(.bss)
    xDelayedTaskList1                        0x20004178   Data          20  tasks.o(.bss)
    xDelayedTaskList2                        0x2000418c   Data          20  tasks.o(.bss)
    xPendingReadyList                        0x200041a0   Data          20  tasks.o(.bss)
    xTasksWaitingTermination                 0x200041b4   Data          20  tasks.o(.bss)
    xSuspendedTaskList                       0x200041c8   Data          20  tasks.o(.bss)
    .bss                                     0x200041dc   Section      296  main.o(.bss)
    .bss                                     0x20004304   Section       14  lcd_driver.o(.bss)
    STACK                                    0x20004318   Section     1024  startup_stm32f10x_hd.o(STACK)

    Global Symbols

    Symbol Name                              Value     Ov Type        Size  Object(Section)

    BuildAttributes$$THM_ISAv4$P$D$K$B$S$PE$A:L22UL41UL21$X:L11$S22US41US21$IEEE1$IW$USESV6$~STKCKD$USESV7$~SHL$OTIME$ROPI$IEEEJ$EBA8$MICROLIB$REQ8$PRES8$EABIv2 0x00000000   Number         0  anon$$obj.o ABSOLUTE
    __ARM_use_no_argv                        0x00000000   Number         0  main.o ABSOLUTE
    __cpp_initialize__aeabi_                  - Undefined Weak Reference
    __cxa_finalize                            - Undefined Weak Reference
    __decompress                              - Undefined Weak Reference
    _clock_init                               - Undefined Weak Reference
    _microlib_exit                            - Undefined Weak Reference
    __Vectors_Size                           0x00000130   Number         0  startup_stm32f10x_hd.o ABSOLUTE
    __Vectors                                0x08000000   Data           4  startup_stm32f10x_hd.o(RESET)
    __Vectors_End                            0x08000130   Data           0  startup_stm32f10x_hd.o(RESET)
    __main                                   0x08000131   Thumb Code     0  entry.o(.ARM.Collect$$$$00000000)
    _main_stk                                0x08000131   Thumb Code     0  entry2.o(.ARM.Collect$$$$00000001)
    _main_scatterload                        0x08000135   Thumb Code     0  entry5.o(.ARM.Collect$$$$00000004)
    __main_after_scatterload                 0x08000139   Thumb Code     0  entry5.o(.ARM.Collect$$$$00000004)
    _main_clock                              0x08000139   Thumb Code     0  entry7b.o(.ARM.Collect$$$$00000008)
    _main_cpp_init                           0x08000139   Thumb Code     0  entry8b.o(.ARM.Collect$$$$0000000A)
    _main_init                               0x08000139   Thumb Code     0  entry9a.o(.ARM.Collect$$$$0000000B)
    __rt_final_cpp                           0x08000141   Thumb Code     0  entry10a.o(.ARM.Collect$$$$0000000D)
    __rt_final_exit                          0x08000141   Thumb Code     0  entry11a.o(.ARM.Collect$$$$0000000F)
    SVC_Handler                              0x08000145   Thumb Code    32  port.o(.emb_text)
    __asm___6_port_c_39a90d8d__prvStartFirstTask 0x08000169   Thumb Code    28  port.o(.emb_text)
    PendSV_Handler                           0x08000189   Thumb Code    72  port.o(.emb_text)
    vPortGetIPSR                             0x080001d5   Thumb Code     6  port.o(.emb_text)
    SystemInit                               0x080002b9   Thumb Code    78  system_stm32f10x.o(.text)
    SystemCoreClockUpdate                    0x08000307   Thumb Code   142  system_stm32f10x.o(.text)
    Reset_Handler                            0x080003b9   Thumb Code     8  startup_stm32f10x_hd.o(.text)
    ADC1_2_IRQHandler                        0x080003d3   Thumb Code     0  startup_stm32f10x_hd.o(.text)
    ADC3_IRQHandler                          0x080003d3   Thumb Code     0  startup_stm32f10x_hd.o(.text)
    CAN1_RX1_IRQHandler                      0x080003d3   Thumb Code     0  startup_stm32f10x_hd.o(.text)
    CAN1_SCE_IRQHandler                      0x080003d3   Thumb Code     0  startup_stm32f10x_hd.o(.text)
    DMA1_Channel1_IRQHandler                 0x080003d3   Thumb Code     0  startup_stm32f10x_hd.o(.text)
    DMA1_Channel2_IRQHandler                 0x080003d3   Thumb Code     0  startup_stm32f10x_hd.o(.text)
    DMA1_Channel3_IRQHandler                 0x080003d3   Thumb Code     0  startup_stm32f10x_hd.o(.text)
    DMA1_Channel4_IRQHandler                 0x080003d3   Thumb Code     0  startup_stm32f10x_hd.o(.text)
    DMA1_Channel5_IRQHandler                 0x080003d3   Thumb Code     0  startup_stm32f10x_hd.o(.text)
    DMA1_Channel6_IRQHandler                 0x080003d3   Thumb Code     0  startup_stm32f10x_hd.o(.text)
    DMA1_Channel7_IRQHandler                 0x080003d3   Thumb Code     0  startup_stm32f10x_hd.o(.text)
    DMA2_Channel1_IRQHandler                 0x080003d3   Thumb Code     0  startup_stm32f10x_hd.o(.text)
    DMA2_Channel2_IRQHandler                 0x080003d3   Thumb Code     0  startup_stm32f10x_hd.o(.text)
    DMA2_Channel3_IRQHandler                 0x080003d3   Thumb Code     0  startup_stm32f10x_hd.o(.text)
    DMA2_Channel4_5_IRQHandler               0x080003d3   Thumb Code     0  startup_stm32f10x_hd.o(.text)
    EXTI0_IRQHandler                         0x080003d3   Thumb Code     0  startup_stm32f10x_hd.o(.text)
    EXTI15_10_IRQHandler                     0x080003d3   Thumb Code     0  startup_stm32f10x_hd.o(.text)
    EXTI1_IRQHandler                         0x080003d3   Thumb Code     0  startup_stm32f10x_hd.o(.text)
    EXTI2_IRQHandler                         0x080003d3   Thumb Code     0  startup_stm32f10x_hd.o(.text)
    EXTI3_IRQHandler                         0x080003d3   Thumb Code     0  startup_stm32f10x_hd.o(.text)
    EXTI4_IRQHandler                         0x080003d3   Thumb Code     0  startup_stm32f10x_hd.o(.text)
    EXTI9_5_IRQHandler                       0x080003d3   Thumb Code     0  startup_stm32f10x_hd.o(.text)
    FLASH_IRQHandler                         0x080003d3   Thumb Code     0  startup_stm32f10x_hd.o(.text)
    FSMC_IRQHandler                          0x080003d3   Thumb Code     0  startup_stm32f10x_hd.o(.text)
    I2C1_ER_IRQHandler                       0x080003d3   Thumb Code     0  startup_stm32f10x_hd.o(.text)
    I2C1_EV_IRQHandler                       0x080003d3   Thumb Code     0  startup_stm32f10x_hd.o(.text)
    I2C2_ER_IRQHandler                       0x080003d3   Thumb Code     0  startup_stm32f10x_hd.o(.text)
    I2C2_EV_IRQHandler                       0x080003d3   Thumb Code     0  startup_stm32f10x_hd.o(.text)
    PVD_IRQHandler                           0x080003d3   Thumb Code     0  startup_stm32f10x_hd.o(.text)
    RCC_IRQHandler                           0x080003d3   Thumb Code     0  startup_stm32f10x_hd.o(.text)
    RTCAlarm_IRQHandler                      0x080003d3   Thumb Code     0  startup_stm32f10x_hd.o(.text)
    RTC_IRQHandler                           0x080003d3   Thumb Code     0  startup_stm32f10x_hd.o(.text)
    SDIO_IRQHandler                          0x080003d3   Thumb Code     0  startup_stm32f10x_hd.o(.text)
    SPI1_IRQHandler                          0x080003d3   Thumb Code     0  startup_stm32f10x_hd.o(.text)
    SPI2_IRQHandler                          0x080003d3   Thumb Code     0  startup_stm32f10x_hd.o(.text)
    SPI3_IRQHandler                          0x080003d3   Thumb Code     0  startup_stm32f10x_hd.o(.text)
    TAMPER_IRQHandler                        0x080003d3   Thumb Code     0  startup_stm32f10x_hd.o(.text)
    TIM1_BRK_IRQHandler                      0x080003d3   Thumb Code     0  startup_stm32f10x_hd.o(.text)
    TIM1_CC_IRQHandler                       0x080003d3   Thumb Code     0  startup_stm32f10x_hd.o(.text)
    TIM1_TRG_COM_IRQHandler                  0x080003d3   Thumb Code     0  startup_stm32f10x_hd.o(.text)
    TIM1_UP_IRQHandler                       0x080003d3   Thumb Code     0  startup_stm32f10x_hd.o(.text)
    TIM3_IRQHandler                          0x080003d3   Thumb Code     0  startup_stm32f10x_hd.o(.text)
    TIM4_IRQHandler                          0x080003d3   Thumb Code     0  startup_stm32f10x_hd.o(.text)
    TIM5_IRQHandler                          0x080003d3   Thumb Code     0  startup_stm32f10x_hd.o(.text)
    TIM6_IRQHandler                          0x080003d3   Thumb Code     0  startup_stm32f10x_hd.o(.text)
    TIM7_IRQHandler                          0x080003d3   Thumb Code     0  startup_stm32f10x_hd.o(.text)
    TIM8_BRK_IRQHandler                      0x080003d3   Thumb Code     0  startup_stm32f10x_hd.o(.text)
    TIM8_CC_IRQHandler                       0x080003d3   Thumb Code     0  startup_stm32f10x_hd.o(.text)
    TIM8_TRG_COM_IRQHandler                  0x080003d3   Thumb Code     0  startup_stm32f10x_hd.o(.text)
    TIM8_UP_IRQHandler                       0x080003d3   Thumb Code     0  startup_stm32f10x_hd.o(.text)
    UART4_IRQHandler                         0x080003d3   Thumb Code     0  startup_stm32f10x_hd.o(.text)
    UART5_IRQHandler                         0x080003d3   Thumb Code     0  startup_stm32f10x_hd.o(.text)
    USART2_IRQHandler                        0x080003d3   Thumb Code     0  startup_stm32f10x_hd.o(.text)
    USART3_IRQHandler                        0x080003d3   Thumb Code     0  startup_stm32f10x_hd.o(.text)
    USBWakeUp_IRQHandler                     0x080003d3   Thumb Code     0  startup_stm32f10x_hd.o(.text)
    USB_HP_CAN1_TX_IRQHandler                0x080003d3   Thumb Code     0  startup_stm32f10x_hd.o(.text)
    USB_LP_CAN1_RX0_IRQHandler               0x080003d3   Thumb Code     0  startup_stm32f10x_hd.o(.text)
    WWDG_IRQHandler                          0x080003d3   Thumb Code     0  startup_stm32f10x_hd.o(.text)
    NVIC_PriorityGroupConfig                 0x080003dd   Thumb Code    10  misc.o(.text)
    NVIC_Init                                0x080003e7   Thumb Code   102  misc.o(.text)
    NVIC_SetVectorTable                      0x0800044d   Thumb Code    14  misc.o(.text)
    NVIC_SystemLPConfig                      0x0800045b   Thumb Code    34  misc.o(.text)
    SysTick_CLKSourceConfig                  0x0800047d   Thumb Code    40  misc.o(.text)
    GPIO_DeInit                              0x080004b9   Thumb Code   172  stm32f10x_gpio.o(.text)
    GPIO_AFIODeInit                          0x08000565   Thumb Code    20  stm32f10x_gpio.o(.text)
    GPIO_Init                                0x08000579   Thumb Code   274  stm32f10x_gpio.o(.text)
    GPIO_StructInit                          0x0800068b   Thumb Code    16  stm32f10x_gpio.o(.text)
    GPIO_ReadInputDataBit                    0x0800069b   Thumb Code    18  stm32f10x_gpio.o(.text)
    GPIO_ReadInputData                       0x080006ad   Thumb Code     8  stm32f10x_gpio.o(.text)
    GPIO_ReadOutputDataBit                   0x080006b5   Thumb Code    18  stm32f10x_gpio.o(.text)
    GPIO_ReadOutputData                      0x080006c7   Thumb Code     8  stm32f10x_gpio.o(.text)
    GPIO_SetBits                             0x080006cf   Thumb Code     4  stm32f10x_gpio.o(.text)
    GPIO_ResetBits                           0x080006d3   Thumb Code     4  stm32f10x_gpio.o(.text)
    GPIO_WriteBit                            0x080006d7   Thumb Code    10  stm32f10x_gpio.o(.text)
    GPIO_Write                               0x080006e1   Thumb Code     4  stm32f10x_gpio.o(.text)
    GPIO_PinLockConfig                       0x080006e5   Thumb Code    18  stm32f10x_gpio.o(.text)
    GPIO_EventOutputConfig                   0x080006f7   Thumb Code    26  stm32f10x_gpio.o(.text)
    GPIO_EventOutputCmd                      0x08000711   Thumb Code     6  stm32f10x_gpio.o(.text)
    GPIO_PinRemapConfig                      0x08000717   Thumb Code   138  stm32f10x_gpio.o(.text)
    GPIO_EXTILineConfig                      0x080007a1   Thumb Code    66  stm32f10x_gpio.o(.text)
    GPIO_ETH_MediaInterfaceConfig            0x080007e3   Thumb Code     6  stm32f10x_gpio.o(.text)
    IWDG_WriteAccessCmd                      0x08000811   Thumb Code     6  stm32f10x_iwdg.o(.text)
    IWDG_SetPrescaler                        0x08000817   Thumb Code     6  stm32f10x_iwdg.o(.text)
    IWDG_SetReload                           0x0800081d   Thumb Code     6  stm32f10x_iwdg.o(.text)
    IWDG_ReloadCounter                       0x08000823   Thumb Code    10  stm32f10x_iwdg.o(.text)
    IWDG_Enable                              0x0800082d   Thumb Code    10  stm32f10x_iwdg.o(.text)
    IWDG_GetFlagStatus                       0x08000837   Thumb Code    20  stm32f10x_iwdg.o(.text)
    RCC_DeInit                               0x08000851   Thumb Code    64  stm32f10x_rcc.o(.text)
    RCC_HSEConfig                            0x08000891   Thumb Code    70  stm32f10x_rcc.o(.text)
    RCC_GetFlagStatus                        0x080008d7   Thumb Code    56  stm32f10x_rcc.o(.text)
    RCC_WaitForHSEStartUp                    0x0800090f   Thumb Code    56  stm32f10x_rcc.o(.text)
    RCC_AdjustHSICalibrationValue            0x08000947   Thumb Code    20  stm32f10x_rcc.o(.text)
    RCC_HSICmd                               0x0800095b   Thumb Code     6  stm32f10x_rcc.o(.text)
    RCC_PLLConfig                            0x08000961   Thumb Code    24  stm32f10x_rcc.o(.text)
    RCC_PLLCmd                               0x08000979   Thumb Code     6  stm32f10x_rcc.o(.text)
    RCC_SYSCLKConfig                         0x0800097f   Thumb Code    18  stm32f10x_rcc.o(.text)
    RCC_GetSYSCLKSource                      0x08000991   Thumb Code    10  stm32f10x_rcc.o(.text)
    RCC_HCLKConfig                           0x0800099b   Thumb Code    18  stm32f10x_rcc.o(.text)
    RCC_PCLK1Config                          0x080009ad   Thumb Code    18  stm32f10x_rcc.o(.text)
    RCC_PCLK2Config                          0x080009bf   Thumb Code    20  stm32f10x_rcc.o(.text)
    RCC_ITConfig                             0x080009d3   Thumb Code    26  stm32f10x_rcc.o(.text)
    RCC_USBCLKConfig                         0x080009ed   Thumb Code     6  stm32f10x_rcc.o(.text)
    RCC_ADCCLKConfig                         0x080009f3   Thumb Code    18  stm32f10x_rcc.o(.text)
    RCC_LSEConfig                            0x08000a05   Thumb Code    44  stm32f10x_rcc.o(.text)
    RCC_LSICmd                               0x08000a31   Thumb Code     6  stm32f10x_rcc.o(.text)
    RCC_RTCCLKConfig                         0x08000a37   Thumb Code    12  stm32f10x_rcc.o(.text)
    RCC_RTCCLKCmd                            0x08000a43   Thumb Code     8  stm32f10x_rcc.o(.text)
    RCC_GetClocksFreq                        0x08000a4b   Thumb Code   192  stm32f10x_rcc.o(.text)
    RCC_AHBPeriphClockCmd                    0x08000b0b   Thumb Code    26  stm32f10x_rcc.o(.text)
    RCC_APB2PeriphClockCmd                   0x08000b25   Thumb Code    26  stm32f10x_rcc.o(.text)
    RCC_APB1PeriphClockCmd                   0x08000b3f   Thumb Code    26  stm32f10x_rcc.o(.text)
    RCC_APB2PeriphResetCmd                   0x08000b59   Thumb Code    26  stm32f10x_rcc.o(.text)
    RCC_APB1PeriphResetCmd                   0x08000b73   Thumb Code    26  stm32f10x_rcc.o(.text)
    RCC_BackupResetCmd                       0x08000b8d   Thumb Code     8  stm32f10x_rcc.o(.text)
    RCC_ClockSecuritySystemCmd               0x08000b95   Thumb Code     6  stm32f10x_rcc.o(.text)
    RCC_MCOConfig                            0x08000b9b   Thumb Code     6  stm32f10x_rcc.o(.text)
    RCC_ClearFlag                            0x08000ba1   Thumb Code    14  stm32f10x_rcc.o(.text)
    RCC_GetITStatus                          0x08000baf   Thumb Code    20  stm32f10x_rcc.o(.text)
    RCC_ClearITPendingBit                    0x08000bc3   Thumb Code     6  stm32f10x_rcc.o(.text)
    SPI_I2S_DeInit                           0x08000bf5   Thumb Code    76  stm32f10x_spi.o(.text)
    SPI_Init                                 0x08000c41   Thumb Code    60  stm32f10x_spi.o(.text)
    I2S_Init                                 0x08000c7d   Thumb Code   226  stm32f10x_spi.o(.text)
    SPI_StructInit                           0x08000d5f   Thumb Code    24  stm32f10x_spi.o(.text)
    I2S_StructInit                           0x08000d77   Thumb Code    20  stm32f10x_spi.o(.text)
    SPI_Cmd                                  0x08000d8b   Thumb Code    24  stm32f10x_spi.o(.text)
    I2S_Cmd                                  0x08000da3   Thumb Code    24  stm32f10x_spi.o(.text)
    SPI_I2S_ITConfig                         0x08000dbb   Thumb Code    32  stm32f10x_spi.o(.text)
    SPI_I2S_DMACmd                           0x08000ddb   Thumb Code    18  stm32f10x_spi.o(.text)
    SPI_I2S_SendData                         0x08000ded   Thumb Code     4  stm32f10x_spi.o(.text)
    SPI_I2S_ReceiveData                      0x08000df1   Thumb Code     6  stm32f10x_spi.o(.text)
    SPI_NSSInternalSoftwareConfig            0x08000df7   Thumb Code    30  stm32f10x_spi.o(.text)
    SPI_SSOutputCmd                          0x08000e15   Thumb Code    24  stm32f10x_spi.o(.text)
    SPI_DataSizeConfig                       0x08000e2d   Thumb Code    18  stm32f10x_spi.o(.text)
    SPI_TransmitCRC                          0x08000e3f   Thumb Code    10  stm32f10x_spi.o(.text)
    SPI_CalculateCRC                         0x08000e49   Thumb Code    24  stm32f10x_spi.o(.text)
    SPI_GetCRC                               0x08000e61   Thumb Code    16  stm32f10x_spi.o(.text)
    SPI_GetCRCPolynomial                     0x08000e71   Thumb Code     6  stm32f10x_spi.o(.text)
    SPI_BiDirectionalLineConfig              0x08000e77   Thumb Code    28  stm32f10x_spi.o(.text)
    SPI_I2S_GetFlagStatus                    0x08000e93   Thumb Code    18  stm32f10x_spi.o(.text)
    SPI_I2S_ClearFlag                        0x08000ea5   Thumb Code     6  stm32f10x_spi.o(.text)
    SPI_I2S_GetITStatus                      0x08000eab   Thumb Code    52  stm32f10x_spi.o(.text)
    SPI_I2S_ClearITPendingBit                0x08000edf   Thumb Code    20  stm32f10x_spi.o(.text)
    TIM_DeInit                               0x08000f01   Thumb Code   424  stm32f10x_tim.o(.text)
    TIM_TimeBaseInit                         0x080010a9   Thumb Code   122  stm32f10x_tim.o(.text)
    TIM_OC1Init                              0x08001123   Thumb Code   132  stm32f10x_tim.o(.text)
    TIM_OC2Init                              0x080011a7   Thumb Code   154  stm32f10x_tim.o(.text)
    TIM_OC3Init                              0x08001241   Thumb Code   150  stm32f10x_tim.o(.text)
    TIM_OC4Init                              0x080012d7   Thumb Code   182  stm32f10x_tim.o(.text)
    TIM_SetIC4Prescaler                      0x0800138d   Thumb Code    26  stm32f10x_tim.o(.text)
    TIM_SetIC3Prescaler                      0x08001429   Thumb Code    18  stm32f10x_tim.o(.text)
    TIM_SetIC2Prescaler                      0x080014b5   Thumb Code    26  stm32f10x_tim.o(.text)
    TIM_SetIC1Prescaler                      0x08001551   Thumb Code    18  stm32f10x_tim.o(.text)
    TIM_ICInit                               0x080015cf   Thumb Code   150  stm32f10x_tim.o(.text)
    TIM_PWMIConfig                           0x08001665   Thumb Code   124  stm32f10x_tim.o(.text)
    TIM_BDTRConfig                           0x080016e1   Thumb Code    32  stm32f10x_tim.o(.text)
    TIM_TimeBaseStructInit                   0x08001701   Thumb Code    18  stm32f10x_tim.o(.text)
    TIM_OCStructInit                         0x08001713   Thumb Code    20  stm32f10x_tim.o(.text)
    TIM_ICStructInit                         0x08001727   Thumb Code    18  stm32f10x_tim.o(.text)
    TIM_BDTRStructInit                       0x08001739   Thumb Code    40  stm32f10x_tim.o(.text)
    TIM_Cmd                                  0x08001761   Thumb Code    24  stm32f10x_tim.o(.text)
    TIM_CtrlPWMOutputs                       0x08001779   Thumb Code    30  stm32f10x_tim.o(.text)
    TIM_ITConfig                             0x08001797   Thumb Code    18  stm32f10x_tim.o(.text)
    TIM_GenerateEvent                        0x080017a9   Thumb Code     4  stm32f10x_tim.o(.text)
    TIM_DMAConfig                            0x080017ad   Thumb Code    10  stm32f10x_tim.o(.text)
    TIM_DMACmd                               0x080017b7   Thumb Code    18  stm32f10x_tim.o(.text)
    TIM_InternalClockConfig                  0x080017c9   Thumb Code    12  stm32f10x_tim.o(.text)
    TIM_SelectInputTrigger                   0x080017d5   Thumb Code    18  stm32f10x_tim.o(.text)
    TIM_ITRxExternalClockConfig              0x080017e7   Thumb Code    24  stm32f10x_tim.o(.text)
    TIM_TIxExternalClockConfig               0x080017ff   Thumb Code    62  stm32f10x_tim.o(.text)
    TIM_ETRConfig                            0x0800183d   Thumb Code    28  stm32f10x_tim.o(.text)
    TIM_ETRClockMode1Config                  0x08001859   Thumb Code    54  stm32f10x_tim.o(.text)
    TIM_ETRClockMode2Config                  0x0800188f   Thumb Code    32  stm32f10x_tim.o(.text)
    TIM_PrescalerConfig                      0x080018af   Thumb Code     6  stm32f10x_tim.o(.text)
    TIM_CounterModeConfig                    0x080018b5   Thumb Code    18  stm32f10x_tim.o(.text)
    TIM_EncoderInterfaceConfig               0x080018c7   Thumb Code    66  stm32f10x_tim.o(.text)
    TIM_ForcedOC1Config                      0x08001909   Thumb Code    18  stm32f10x_tim.o(.text)
    TIM_ForcedOC2Config                      0x0800191b   Thumb Code    26  stm32f10x_tim.o(.text)
    TIM_ForcedOC3Config                      0x08001935   Thumb Code    18  stm32f10x_tim.o(.text)
    TIM_ForcedOC4Config                      0x08001947   Thumb Code    26  stm32f10x_tim.o(.text)
    TIM_ARRPreloadConfig                     0x08001961   Thumb Code    24  stm32f10x_tim.o(.text)
    TIM_SelectCOM                            0x08001979   Thumb Code    24  stm32f10x_tim.o(.text)
    TIM_SelectCCDMA                          0x08001991   Thumb Code    24  stm32f10x_tim.o(.text)
    TIM_CCPreloadControl                     0x080019a9   Thumb Code    24  stm32f10x_tim.o(.text)
    TIM_OC1PreloadConfig                     0x080019c1   Thumb Code    18  stm32f10x_tim.o(.text)
    TIM_OC2PreloadConfig                     0x080019d3   Thumb Code    26  stm32f10x_tim.o(.text)
    TIM_OC3PreloadConfig                     0x080019ed   Thumb Code    18  stm32f10x_tim.o(.text)
    TIM_OC4PreloadConfig                     0x080019ff   Thumb Code    26  stm32f10x_tim.o(.text)
    TIM_OC1FastConfig                        0x08001a19   Thumb Code    18  stm32f10x_tim.o(.text)
    TIM_OC2FastConfig                        0x08001a2b   Thumb Code    26  stm32f10x_tim.o(.text)
    TIM_OC3FastConfig                        0x08001a45   Thumb Code    18  stm32f10x_tim.o(.text)
    TIM_OC4FastConfig                        0x08001a57   Thumb Code    26  stm32f10x_tim.o(.text)
    TIM_ClearOC1Ref                          0x08001a71   Thumb Code    18  stm32f10x_tim.o(.text)
    TIM_ClearOC2Ref                          0x08001a83   Thumb Code    24  stm32f10x_tim.o(.text)
    TIM_ClearOC3Ref                          0x08001a9b   Thumb Code    18  stm32f10x_tim.o(.text)
    TIM_ClearOC4Ref                          0x08001aad   Thumb Code    24  stm32f10x_tim.o(.text)
    TIM_OC1PolarityConfig                    0x08001ac5   Thumb Code    18  stm32f10x_tim.o(.text)
    TIM_OC1NPolarityConfig                   0x08001ad7   Thumb Code    18  stm32f10x_tim.o(.text)
    TIM_OC2PolarityConfig                    0x08001ae9   Thumb Code    26  stm32f10x_tim.o(.text)
    TIM_OC2NPolarityConfig                   0x08001b03   Thumb Code    26  stm32f10x_tim.o(.text)
    TIM_OC3PolarityConfig                    0x08001b1d   Thumb Code    26  stm32f10x_tim.o(.text)
    TIM_OC3NPolarityConfig                   0x08001b37   Thumb Code    26  stm32f10x_tim.o(.text)
    TIM_OC4PolarityConfig                    0x08001b51   Thumb Code    26  stm32f10x_tim.o(.text)
    TIM_CCxCmd                               0x08001b6b   Thumb Code    30  stm32f10x_tim.o(.text)
    TIM_CCxNCmd                              0x08001b89   Thumb Code    30  stm32f10x_tim.o(.text)
    TIM_SelectOCxM                           0x08001ba7   Thumb Code    82  stm32f10x_tim.o(.text)
    TIM_UpdateDisableConfig                  0x08001bf9   Thumb Code    24  stm32f10x_tim.o(.text)
    TIM_UpdateRequestConfig                  0x08001c11   Thumb Code    24  stm32f10x_tim.o(.text)
    TIM_SelectHallSensor                     0x08001c29   Thumb Code    24  stm32f10x_tim.o(.text)
    TIM_SelectOnePulseMode                   0x08001c41   Thumb Code    18  stm32f10x_tim.o(.text)
    TIM_SelectOutputTrigger                  0x08001c53   Thumb Code    18  stm32f10x_tim.o(.text)
    TIM_SelectSlaveMode                      0x08001c65   Thumb Code    18  stm32f10x_tim.o(.text)
    TIM_SelectMasterSlaveMode                0x08001c77   Thumb Code    18  stm32f10x_tim.o(.text)
    TIM_SetCounter                           0x08001c89   Thumb Code     4  stm32f10x_tim.o(.text)
    TIM_SetAutoreload                        0x08001c8d   Thumb Code     4  stm32f10x_tim.o(.text)
    TIM_SetCompare1                          0x08001c91   Thumb Code     4  stm32f10x_tim.o(.text)
    TIM_SetCompare2                          0x08001c95   Thumb Code     4  stm32f10x_tim.o(.text)
    TIM_SetCompare3                          0x08001c99   Thumb Code     4  stm32f10x_tim.o(.text)
    TIM_SetCompare4                          0x08001c9d   Thumb Code     6  stm32f10x_tim.o(.text)
    TIM_SetClockDivision                     0x08001ca3   Thumb Code    18  stm32f10x_tim.o(.text)
    TIM_GetCapture1                          0x08001cb5   Thumb Code     6  stm32f10x_tim.o(.text)
    TIM_GetCapture2                          0x08001cbb   Thumb Code     6  stm32f10x_tim.o(.text)
    TIM_GetCapture3                          0x08001cc1   Thumb Code     6  stm32f10x_tim.o(.text)
    TIM_GetCapture4                          0x08001cc7   Thumb Code     8  stm32f10x_tim.o(.text)
    TIM_GetCounter                           0x08001ccf   Thumb Code     6  stm32f10x_tim.o(.text)
    TIM_GetPrescaler                         0x08001cd5   Thumb Code     6  stm32f10x_tim.o(.text)
    TIM_GetFlagStatus                        0x08001cdb   Thumb Code    18  stm32f10x_tim.o(.text)
    TIM_ClearFlag                            0x08001ced   Thumb Code     6  stm32f10x_tim.o(.text)
    TIM_GetITStatus                          0x08001cf3   Thumb Code    34  stm32f10x_tim.o(.text)
    TIM_ClearITPendingBit                    0x08001d15   Thumb Code     6  stm32f10x_tim.o(.text)
    USART_DeInit                             0x08001d1d   Thumb Code   134  stm32f10x_usart.o(.text)
    USART_Init                               0x08001da3   Thumb Code   210  stm32f10x_usart.o(.text)
    USART_StructInit                         0x08001e75   Thumb Code    24  stm32f10x_usart.o(.text)
    USART_ClockInit                          0x08001e8d   Thumb Code    34  stm32f10x_usart.o(.text)
    USART_ClockStructInit                    0x08001eaf   Thumb Code    12  stm32f10x_usart.o(.text)
    USART_Cmd                                0x08001ebb   Thumb Code    24  stm32f10x_usart.o(.text)
    USART_ITConfig                           0x08001ed3   Thumb Code    74  stm32f10x_usart.o(.text)
    USART_DMACmd                             0x08001f1d   Thumb Code    18  stm32f10x_usart.o(.text)
    USART_SetAddress                         0x08001f2f   Thumb Code    18  stm32f10x_usart.o(.text)
    USART_WakeUpConfig                       0x08001f41   Thumb Code    18  stm32f10x_usart.o(.text)
    USART_ReceiverWakeUpCmd                  0x08001f53   Thumb Code    24  stm32f10x_usart.o(.text)
    USART_LINBreakDetectLengthConfig         0x08001f6b   Thumb Code    18  stm32f10x_usart.o(.text)
    USART_LINCmd                             0x08001f7d   Thumb Code    24  stm32f10x_usart.o(.text)
    USART_SendData                           0x08001f95   Thumb Code     8  stm32f10x_usart.o(.text)
    USART_ReceiveData                        0x08001f9d   Thumb Code    10  stm32f10x_usart.o(.text)
    USART_SendBreak                          0x08001fa7   Thumb Code    10  stm32f10x_usart.o(.text)
    USART_SetGuardTime                       0x08001fb1   Thumb Code    16  stm32f10x_usart.o(.text)
    USART_SetPrescaler                       0x08001fc1   Thumb Code    16  stm32f10x_usart.o(.text)
    USART_SmartCardCmd                       0x08001fd1   Thumb Code    24  stm32f10x_usart.o(.text)
    USART_SmartCardNACKCmd                   0x08001fe9   Thumb Code    24  stm32f10x_usart.o(.text)
    USART_HalfDuplexCmd                      0x08002001   Thumb Code    24  stm32f10x_usart.o(.text)
    USART_OverSampling8Cmd                   0x08002019   Thumb Code    22  stm32f10x_usart.o(.text)
    USART_OneBitMethodCmd                    0x0800202f   Thumb Code    24  stm32f10x_usart.o(.text)
    USART_IrDAConfig                         0x08002047   Thumb Code    18  stm32f10x_usart.o(.text)
    USART_IrDACmd                            0x08002059   Thumb Code    24  stm32f10x_usart.o(.text)
    USART_GetFlagStatus                      0x08002071   Thumb Code    26  stm32f10x_usart.o(.text)
    USART_ClearFlag                          0x0800208b   Thumb Code    18  stm32f10x_usart.o(.text)
    USART_GetITStatus                        0x0800209d   Thumb Code    84  stm32f10x_usart.o(.text)
    USART_ClearITPendingBit                  0x080020f1   Thumb Code    52  stm32f10x_usart.o(.text)
    pxPortInitialiseStack                    0x0800213b   Thumb Code    30  port.o(.text)
    vPortSetupTimerInterrupt                 0x08002159   Thumb Code    22  port.o(.text)
    xPortStartScheduler                      0x0800216f   Thumb Code    42  port.o(.text)
    vPortEndScheduler                        0x08002199   Thumb Code     2  port.o(.text)
    vPortEnterCritical                       0x0800219b   Thumb Code    30  port.o(.text)
    vPortExitCritical                        0x080021b9   Thumb Code    28  port.o(.text)
    SysTick_Handler                          0x080021d5   Thumb Code    48  port.o(.text)
    pvPortMalloc                             0x0800223b   Thumb Code   166  heap_2.o(.text)
    vPortFree                                0x080022e1   Thumb Code    56  heap_2.o(.text)
    xPortGetFreeHeapSize                     0x08002319   Thumb Code     6  heap_2.o(.text)
    vPortInitialiseBlocks                    0x0800231f   Thumb Code     2  heap_2.o(.text)
    vListInitialise                          0x08002335   Thumb Code    26  list.o(.text)
    vListInitialiseItem                      0x0800234f   Thumb Code     6  list.o(.text)
    vListInsertEnd                           0x08002355   Thumb Code    24  list.o(.text)
    vListInsert                              0x0800236d   Thumb Code    52  list.o(.text)
    uxListRemove                             0x080023a1   Thumb Code    40  list.o(.text)
    xTaskCreate                              0x0800252f   Thumb Code    96  tasks.o(.text)
    vTaskDelete                              0x080025cb   Thumb Code   166  tasks.o(.text)
    xTaskIncrementTick                       0x08002671   Thumb Code   252  tasks.o(.text)
    xTaskResumeAll                           0x0800276d   Thumb Code   282  tasks.o(.text)
    vTaskSuspendAll                          0x08002903   Thumb Code    12  tasks.o(.text)
    vTaskDelayUntil                          0x0800290f   Thumb Code   106  tasks.o(.text)
    vTaskDelay                               0x08002979   Thumb Code    46  tasks.o(.text)
    uxTaskPriorityGet                        0x080029a7   Thumb Code    30  tasks.o(.text)
    uxTaskPriorityGetFromISR                 0x080029c5   Thumb Code    52  tasks.o(.text)
    vTaskPrioritySet                         0x080029f9   Thumb Code   216  tasks.o(.text)
    vTaskSwitchContext                       0x08002ad1   Thumb Code    76  tasks.o(.text)
    vTaskSuspend                             0x08002b1d   Thumb Code   174  tasks.o(.text)
    vTaskResume                              0x08002c41   Thumb Code   104  tasks.o(.text)
    xTaskResumeFromISR                       0x08002ca9   Thumb Code   130  tasks.o(.text)
    vTaskStartScheduler                      0x08002d87   Thumb Code    72  tasks.o(.text)
    vTaskEndScheduler                        0x08002dcf   Thumb Code    32  tasks.o(.text)
    xTaskGetTickCount                        0x08002def   Thumb Code     6  tasks.o(.text)
    xTaskGetTickCountFromISR                 0x08002df5   Thumb Code     8  tasks.o(.text)
    uxTaskGetNumberOfTasks                   0x08002dfd   Thumb Code     6  tasks.o(.text)
    pcTaskGetName                            0x08002e03   Thumb Code    20  tasks.o(.text)
    vTaskPlaceOnEventList                    0x08002e17   Thumb Code    28  tasks.o(.text)
    vTaskPlaceOnUnorderedEventList           0x08002e33   Thumb Code    40  tasks.o(.text)
    xTaskRemoveFromEventList                 0x08002e5b   Thumb Code   104  tasks.o(.text)
    vTaskRemoveFromUnorderedEventList        0x08002ec3   Thumb Code    82  tasks.o(.text)
    vTaskSetTimeOutState                     0x08002f15   Thumb Code    26  tasks.o(.text)
    vTaskInternalSetTimeOutState             0x08002f2f   Thumb Code    14  tasks.o(.text)
    xTaskCheckForTimeOut                     0x08002f3d   Thumb Code    84  tasks.o(.text)
    vTaskMissedYield                         0x08002f91   Thumb Code     8  tasks.o(.text)
    uxTaskResetEventItemValue                0x08002f99   Thumb Code    24  tasks.o(.text)
    ulTaskNotifyTake                         0x08002fb1   Thumb Code   108  tasks.o(.text)
    xTaskNotifyWait                          0x0800301d   Thumb Code   226  tasks.o(.text)
    xTaskGenericNotify                       0x080030ff   Thumb Code   180  tasks.o(.text)
    xTaskGenericNotifyFromISR                0x080031b3   Thumb Code   228  tasks.o(.text)
    vTaskNotifyGiveFromISR                   0x08003297   Thumb Code   152  tasks.o(.text)
    xTaskNotifyStateClear                    0x0800332f   Thumb Code    48  tasks.o(.text)
    api_GetSystemTimePeriod                  0x0800337d   Thumb Code    30  apilib.o(.text)
    api_GetCurrentSystemTime                 0x0800339b   Thumb Code     6  apilib.o(.text)
    api_UART1_SendData                       0x080033a1   Thumb Code    46  apilib.o(.text)
    api_SendCMDData                          0x080033cf   Thumb Code    70  apilib.o(.text)
    api_ClearUART1ReceiveFlag                0x08003415   Thumb Code    20  apilib.o(.text)
    api_UART1_ReceiveData                    0x08003429   Thumb Code   358  apilib.o(.text)
    api_MachinePowerOn                       0x0800358f   Thumb Code   164  apilib.o(.text)
    TimerDetection                           0x08003681   Thumb Code     2  tk_timercontroller.o(.text)
    TK_TimerController                       0x08003683   Thumb Code    50  tk_timercontroller.o(.text)
    TK_DisplayController                     0x080036b5   Thumb Code    16  tk_displaycontroller.o(.text)
    NVIC_Configure                           0x080036c5   Thumb Code    12  bsp.o(.text)
    HSI_SystemClock                          0x080036d1   Thumb Code    86  bsp.o(.text)
    HSE_SystemClock                          0x08003727   Thumb Code    86  bsp.o(.text)
    RCC_Configure                            0x0800377d   Thumb Code   154  bsp.o(.text)
    IWDG_Configure                           0x08003817   Thumb Code    30  bsp.o(.text)
    Systick_Configure                        0x08003835   Thumb Code    88  bsp.o(.text)
    TIM2_Configure                           0x0800388d   Thumb Code    86  bsp.o(.text)
    TIM3_Configure                           0x080038e3   Thumb Code    84  bsp.o(.text)
    GPIO_Configure                           0x08003937   Thumb Code     2  bsp.o(.text)
    UART1_Configure                          0x08003939   Thumb Code   146  bsp.o(.text)
    BSP_Init                                 0x080039cb   Thumb Code    34  bsp.o(.text)
    Param_Init                               0x080039ed   Thumb Code   112  bsp.o(.text)
    prvSetupHardware                         0x08003a5d   Thumb Code    20  bsp.o(.text)
    vCreateTaskManager                       0x08003aa9   Thumb Code    44  main.o(.text)
    vCreateQueueAndSemphr                    0x08003ad5   Thumb Code     2  main.o(.text)
    main                                     0x08003ad7   Thumb Code    22  main.o(.text)
    vApplicationTickHook                     0x08003aed   Thumb Code     2  main.o(.text)
    NMI_Handler                              0x08003b19   Thumb Code     2  stm32f10x_it.o(.text)
    HardFault_Handler                        0x08003b1b   Thumb Code     4  stm32f10x_it.o(.text)
    MemManage_Handler                        0x08003b1f   Thumb Code     4  stm32f10x_it.o(.text)
    BusFault_Handler                         0x08003b23   Thumb Code     4  stm32f10x_it.o(.text)
    UsageFault_Handler                       0x08003b27   Thumb Code     4  stm32f10x_it.o(.text)
    DebugMon_Handler                         0x08003b2b   Thumb Code     2  stm32f10x_it.o(.text)
    TIM2_IRQHandler                          0x08003b2d   Thumb Code    48  stm32f10x_it.o(.text)
    USART1_IRQHandler                        0x08003b5d   Thumb Code   192  stm32f10x_it.o(.text)
    delay_init                               0x08003c29   Thumb Code    54  delay.o(.text)
    delay_ms                                 0x08003c5f   Thumb Code    54  delay.o(.text)
    delay_us                                 0x08003c95   Thumb Code    54  delay.o(.text)
    DrawTestPage                             0x08003cd5   Thumb Code   118  display.o(.text)
    Display_Fail                             0x08003d4b   Thumb Code  2028  display.o(.text)
    Display_I8_Test                          0x08004537   Thumb Code  7132  display.o(.text)
    Display_I9_Test                          0x08006113   Thumb Code  6910  display.o(.text)
    Test_Display                             0x08007c11   Thumb Code   790  display.o(.text)
    GUI_DrawPoint                            0x08007f5d   Thumb Code    24  gui.o(.text)
    LCD_Fill                                 0x08007f75   Thumb Code   110  gui.o(.text)
    LCD_DrawLine                             0x08007fe3   Thumb Code   176  gui.o(.text)
    LCD_DrawRectangle                        0x08008093   Thumb Code    64  gui.o(.text)
    LCD_DrawFillRectangle                    0x080080d3   Thumb Code    30  gui.o(.text)
    _draw_circle_8                           0x080080f1   Thumb Code   132  gui.o(.text)
    gui_circle                               0x08008175   Thumb Code   154  gui.o(.text)
    Draw_Triangel                            0x0800820f   Thumb Code    56  gui.o(.text)
    Fill_Triangel                            0x08008251   Thumb Code   532  gui.o(.text)
    LCD_ShowChar                             0x08008465   Thumb Code   276  gui.o(.text)
    LCD_ShowString                           0x08008579   Thumb Code    94  gui.o(.text)
    mypow                                    0x080085d7   Thumb Code    22  gui.o(.text)
    LCD_ShowNum                              0x080085ed   Thumb Code   168  gui.o(.text)
    GUI_DrawFont16                           0x08008695   Thumb Code   252  gui.o(.text)
    GUI_DrawFont24                           0x08008791   Thumb Code   298  gui.o(.text)
    GUI_DrawFont32                           0x080088bb   Thumb Code   252  gui.o(.text)
    Show_Str                                 0x080089b7   Thumb Code   264  gui.o(.text)
    Gui_StrCenter                            0x08008abf   Thumb Code    60  gui.o(.text)
    Gui_Drawbmp16                            0x08008afb   Thumb Code    90  gui.o(.text)
    Gui_StrCenters                           0x08008b55   Thumb Code    40  gui.o(.text)
    Gui_DrawLine                             0x08008b7d   Thumb Code   204  gui.o(.text)
    DisplayButtonDown                        0x08008c49   Thumb Code   130  gui.o(.text)
    DisplayButtonUp                          0x08008ccb   Thumb Code   130  gui.o(.text)
    DisplayFrame                             0x08008d4d   Thumb Code    74  gui.o(.text)
    Gui_DrawFont_GBK16                       0x08008d97   Thumb Code   378  gui.o(.text)
    Gui_DrawFont_GBK24                       0x08008f11   Thumb Code   554  gui.o(.text)
    Gui_DrawFont_GBK64                       0x0800913b   Thumb Code   366  gui.o(.text)
    Gui_DrawFont_GBK128                      0x080092a9   Thumb Code   616  gui.o(.text)
    disp_Pic                                 0x08009511   Thumb Code   122  gui.o(.text)
    LCD_WR_REG                               0x08009595   Thumb Code    34  lcd_driver.o(.text)
    LCD_WR_DATA                              0x080095b7   Thumb Code    36  lcd_driver.o(.text)
    LCD_WriteReg                             0x080095db   Thumb Code    20  lcd_driver.o(.text)
    LCD_WriteRAM_Prepare                     0x080095ef   Thumb Code    12  lcd_driver.o(.text)
    Lcd_WriteData_16Bit                      0x080095fb   Thumb Code    44  lcd_driver.o(.text)
    LCD_SetWindows                           0x08009627   Thumb Code    84  lcd_driver.o(.text)
    LCD_SetCursor                            0x0800967b   Thumb Code    20  lcd_driver.o(.text)
    LCD_DrawPoint                            0x0800968f   Thumb Code    24  lcd_driver.o(.text)
    LCD_Clear                                0x080096a7   Thumb Code    86  lcd_driver.o(.text)
    LCD_GPIOInit                             0x080096fd   Thumb Code    88  lcd_driver.o(.text)
    LCD_RESET                                0x08009755   Thumb Code    28  lcd_driver.o(.text)
    LCD_direction                            0x08009771   Thumb Code   136  lcd_driver.o(.text)
    LCD_Init                                 0x080097f9   Thumb Code   536  lcd_driver.o(.text)
    Lcd_SetXY                                0x08009a11   Thumb Code    20  lcd_driver.o(.text)
    Gui_DrawPoint                            0x08009a25   Thumb Code    24  lcd_driver.o(.text)
    LCD_Clear_Area                           0x08009a3d   Thumb Code    86  lcd_driver.o(.text)
    SPI1_Configure                           0x08009aa1   Thumb Code   128  spi.o(.text)
    SPI_SetSpeed                             0x08009b21   Thumb Code    28  spi.o(.text)
    SPI_WriteByte                            0x08009b3d   Thumb Code    30  spi.o(.text)
    TP_Write_Byte                            0x08009b65   Thumb Code    64  touch.o(.text)
    TP_Read_AD                               0x08009ba5   Thumb Code   124  touch.o(.text)
    TP_Read_XOY                              0x08009c21   Thumb Code   120  touch.o(.text)
    TP_Read_XY                               0x08009c99   Thumb Code    38  touch.o(.text)
    TP_Read_XY2                              0x08009cbf   Thumb Code   192  touch.o(.text)
    TP_Drow_Touch_Point                      0x08009d7f   Thumb Code   116  touch.o(.text)
    TP_Draw_Big_Point                        0x08009df3   Thumb Code    54  touch.o(.text)
    TP_Scan                                  0x08009e29   Thumb Code   244  touch.o(.text)
    TP_Save_Adjdata                          0x08009f1d   Thumb Code     2  touch.o(.text)
    TP_Get_Adjdata                           0x08009f1f   Thumb Code     4  touch.o(.text)
    TP_Adj_Info_Show                         0x08009f23   Thumb Code   376  touch.o(.text)
    TP_Adjust                                0x0800a09b   Thumb Code  2266  touch.o(.text)
    TP_Init                                  0x0800a975   Thumb Code    78  touch.o(.text)
    Hard_Screen_Addr                         0x0800a9c3   Thumb Code   122  touch.o(.text)
    Read_Touch                               0x0800aa3d   Thumb Code   100  touch.o(.text)
    strlen                                   0x0800aac5   Thumb Code    14  strlen.o(.text)
    __aeabi_fadd                             0x0800aad3   Thumb Code   164  fadd.o(.text)
    __aeabi_fsub                             0x0800ab77   Thumb Code     6  fadd.o(.text)
    __aeabi_frsub                            0x0800ab7d   Thumb Code     6  fadd.o(.text)
    __aeabi_fmul                             0x0800ab83   Thumb Code   108  fmul.o(.text)
    __aeabi_fdiv                             0x0800abef   Thumb Code   128  fdiv.o(.text)
    __aeabi_ddiv                             0x0800ac6f   Thumb Code   222  ddiv.o(.text)
    __aeabi_i2f                              0x0800ad4d   Thumb Code    18  fflti.o(.text)
    __aeabi_ui2f                             0x0800ad5f   Thumb Code    10  ffltui.o(.text)
    __aeabi_i2d                              0x0800ad69   Thumb Code    34  dflti.o(.text)
    __aeabi_ui2d                             0x0800ad8b   Thumb Code    26  dfltui.o(.text)
    __aeabi_f2iz                             0x0800ada5   Thumb Code    50  ffixi.o(.text)
    __aeabi_f2uiz                            0x0800add7   Thumb Code    40  ffixui.o(.text)
    __aeabi_d2uiz                            0x0800adff   Thumb Code    50  dfixui.o(.text)
    __aeabi_f2d                              0x0800ae31   Thumb Code    38  f2d.o(.text)
    __aeabi_cdcmpeq                          0x0800ae59   Thumb Code     0  cdcmple.o(.text)
    __aeabi_cdcmple                          0x0800ae59   Thumb Code    38  cdcmple.o(.text)
    __aeabi_cdrcmple                         0x0800ae81   Thumb Code    38  cdrcmple.o(.text)
    __aeabi_llsr                             0x0800aea9   Thumb Code    32  llushr.o(.text)
    _ll_ushift_r                             0x0800aea9   Thumb Code     0  llushr.o(.text)
    __I$use$fp                               0x0800aec9   Thumb Code     0  iusefp.o(.text)
    _float_round                             0x0800aec9   Thumb Code    18  fepilogue.o(.text)
    _float_epilogue                          0x0800aedb   Thumb Code    90  fepilogue.o(.text)
    _double_round                            0x0800af35   Thumb Code    26  depilogue.o(.text)
    _double_epilogue                         0x0800af4f   Thumb Code   164  depilogue.o(.text)
    _dsqrt                                   0x0800aff3   Thumb Code   162  dsqrt.o(.text)
    __scatterload                            0x0800b095   Thumb Code    28  init.o(.text)
    __scatterload_rt2                        0x0800b095   Thumb Code     0  init.o(.text)
    __aeabi_llsl                             0x0800b0b9   Thumb Code    30  llshl.o(.text)
    _ll_shift_l                              0x0800b0b9   Thumb Code     0  llshl.o(.text)
    __scatterload_copy                       0x0800b0d7   Thumb Code    14  handlers.o(i.__scatterload_copy)
    __scatterload_null                       0x0800b0e5   Thumb Code     2  handlers.o(i.__scatterload_null)
    __scatterload_zeroinit                   0x0800b0e7   Thumb Code    14  handlers.o(i.__scatterload_zeroinit)
    __set_errno                              0x0800b0f5   Thumb Code     6  errno.o(i.__set_errno)
    sqrt                                     0x0800b101   Thumb Code    78  sqrt.o(i.sqrt)
    asc2_1206                                0x0800b14e   Data        1140  gui.o(.constdata)
    asc2_1608                                0x0800b5c2   Data        1520  gui.o(.constdata)
    asc2_2412                                0x0800bbb2   Data        4560  gui.o(.constdata)
    asc2_6432                                0x0800cd82   Data       24320  gui.o(.constdata)
    asc2_12864                               0x08012c82   Data        3072  gui.o(.constdata)
    tfont16                                  0x08013882   Data         646  gui.o(.constdata)
    tfont24                                  0x08013b08   Data        6216  gui.o(.constdata)
    tfont32                                  0x08015350   Data         650  gui.o(.constdata)
    sz16                                     0x080155da   Data           1  gui.o(.constdata)
    sz24                                     0x080155db   Data           1  gui.o(.constdata)
    Region$$Table$$Base                      0x08015658   Number         0  anon$$obj.o(Region$$Table)
    Region$$Table$$Limit                     0x08015678   Number         0  anon$$obj.o(Region$$Table)
    SystemCoreClock                          0x20000000   Data           4  system_stm32f10x.o(.data)
    AHBPrescTable                            0x20000004   Data          16  system_stm32f10x.o(.data)
    pxCurrentTCB                             0x20000044   Data           4  tasks.o(.data)
    xTaskTimer                               0x20000088   Data           4  main.o(.data)
    xTaskDisplay                             0x2000008c   Data           4  main.o(.data)
    mpass                                    0x20000094   Data           4  display.o(.data)
    POINT_COLOR                              0x2000009a   Data           2  lcd_driver.o(.data)
    BACK_COLOR                               0x2000009c   Data           2  lcd_driver.o(.data)
    DeviceCode                               0x2000009e   Data           2  lcd_driver.o(.data)
    tp_dev                                   0x200000a0   Data          40  touch.o(.data)
    CMD_RDX                                  0x200000c8   Data           1  touch.o(.data)
    CMD_RDY                                  0x200000c9   Data           1  touch.o(.data)
    TP_REMIND_MSG_TBL                        0x200000cc   Data           4  touch.o(.data)
    Touch_X                                  0x200000d0   Data           2  touch.o(.data)
    Touch_Y                                  0x200000d2   Data           2  touch.o(.data)
    mMaininf                                 0x200041dc   Data         296  main.o(.bss)
    lcddev                                   0x20004304   Data          14  lcd_driver.o(.bss)
    __initial_sp                             0x20004718   Data           0  startup_stm32f10x_hd.o(STACK)



==============================================================================

Memory Map of the image

  Image Entry point : 0x08000131

  Load Region LR_IROM1 (Base: 0x08000000, Size: 0x00015750, Max: 0x00080000, ABSOLUTE)

    Execution Region ER_IROM1 (Base: 0x08000000, Size: 0x00015678, Max: 0x00080000, ABSOLUTE)

    Base Addr    Size         Type   Attr      Idx    E Section Name        Object

    0x08000000   0x00000130   Data   RO          116    RESET               startup_stm32f10x_hd.o
    0x08000130   0x00000000   Code   RO          915  * .ARM.Collect$$$$00000000  mc_w.l(entry.o)
    0x08000130   0x00000004   Code   RO          952    .ARM.Collect$$$$00000001  mc_w.l(entry2.o)
    0x08000134   0x00000004   Code   RO          955    .ARM.Collect$$$$00000004  mc_w.l(entry5.o)
    0x08000138   0x00000000   Code   RO          957    .ARM.Collect$$$$00000008  mc_w.l(entry7b.o)
    0x08000138   0x00000000   Code   RO          959    .ARM.Collect$$$$0000000A  mc_w.l(entry8b.o)
    0x08000138   0x00000008   Code   RO          960    .ARM.Collect$$$$0000000B  mc_w.l(entry9a.o)
    0x08000140   0x00000000   Code   RO          962    .ARM.Collect$$$$0000000D  mc_w.l(entry10a.o)
    0x08000140   0x00000000   Code   RO          964    .ARM.Collect$$$$0000000F  mc_w.l(entry11a.o)
    0x08000140   0x00000004   Code   RO          953    .ARM.Collect$$$$00002712  mc_w.l(entry2.o)
    0x08000144   0x00000096   Code   RO          422    .emb_text           port.o
    0x080001da   0x00000002   PAD
    0x080001dc   0x000001dc   Code   RO           17    .text               system_stm32f10x.o
    0x080003b8   0x00000024   Code   RO          117    .text               startup_stm32f10x_hd.o
    0x080003dc   0x000000dc   Code   RO          121    .text               misc.o
    0x080004b8   0x00000358   Code   RO          288    .text               stm32f10x_gpio.o
    0x08000810   0x00000040   Code   RO          312    .text               stm32f10x_iwdg.o
    0x08000850   0x000003a4   Code   RO          336    .text               stm32f10x_rcc.o
    0x08000bf4   0x0000030c   Code   RO          374    .text               stm32f10x_spi.o
    0x08000f00   0x00000e1a   Code   RO          386    .text               stm32f10x_tim.o
    0x08001d1a   0x00000002   PAD
    0x08001d1c   0x00000408   Code   RO          398    .text               stm32f10x_usart.o
    0x08002124   0x000000ec   Code   RO          423    .text               port.o
    0x08002210   0x00000124   Code   RO          470    .text               heap_2.o
    0x08002334   0x00000094   Code   RO          506    .text               list.o
    0x080023c8   0x00000fb4   Code   RO          548    .text               tasks.o
    0x0800337c   0x00000304   Code   RO          582    .text               apilib.o
    0x08003680   0x00000034   Code   RO          658    .text               tk_timercontroller.o
    0x080036b4   0x00000010   Code   RO          683    .text               tk_displaycontroller.o
    0x080036c4   0x000003e4   Code   RO          703    .text               bsp.o
    0x08003aa8   0x00000070   Code   RO          730    .text               main.o
    0x08003b18   0x00000110   Code   RO          758    .text               stm32f10x_it.o
    0x08003c28   0x000000ac   Code   RO          777    .text               delay.o
    0x08003cd4   0x00004288   Code   RO          791    .text               display.o
    0x08007f5c   0x00001638   Code   RO          820    .text               gui.o
    0x08009594   0x0000050c   Code   RO          854    .text               lcd_driver.o
    0x08009aa0   0x000000c4   Code   RO          876    .text               spi.o
    0x08009b64   0x00000f60   Code   RO          888    .text               touch.o
    0x0800aac4   0x0000000e   Code   RO          920    .text               mc_w.l(strlen.o)
    0x0800aad2   0x000000b0   Code   RO          924    .text               mf_w.l(fadd.o)
    0x0800ab82   0x0000006c   Code   RO          926    .text               mf_w.l(fmul.o)
    0x0800abee   0x00000080   Code   RO          928    .text               mf_w.l(fdiv.o)
    0x0800ac6e   0x000000de   Code   RO          930    .text               mf_w.l(ddiv.o)
    0x0800ad4c   0x00000012   Code   RO          932    .text               mf_w.l(fflti.o)
    0x0800ad5e   0x0000000a   Code   RO          934    .text               mf_w.l(ffltui.o)
    0x0800ad68   0x00000022   Code   RO          936    .text               mf_w.l(dflti.o)
    0x0800ad8a   0x0000001a   Code   RO          938    .text               mf_w.l(dfltui.o)
    0x0800ada4   0x00000032   Code   RO          940    .text               mf_w.l(ffixi.o)
    0x0800add6   0x00000028   Code   RO          942    .text               mf_w.l(ffixui.o)
    0x0800adfe   0x00000032   Code   RO          944    .text               mf_w.l(dfixui.o)
    0x0800ae30   0x00000026   Code   RO          946    .text               mf_w.l(f2d.o)
    0x0800ae56   0x00000002   PAD
    0x0800ae58   0x00000028   Code   RO          948    .text               mf_w.l(cdcmple.o)
    0x0800ae80   0x00000028   Code   RO          950    .text               mf_w.l(cdrcmple.o)
    0x0800aea8   0x00000020   Code   RO          966    .text               mc_w.l(llushr.o)
    0x0800aec8   0x00000000   Code   RO          975    .text               mc_w.l(iusefp.o)
    0x0800aec8   0x0000006c   Code   RO          976    .text               mf_w.l(fepilogue.o)
    0x0800af34   0x000000be   Code   RO          978    .text               mf_w.l(depilogue.o)
    0x0800aff2   0x000000a2   Code   RO          980    .text               mf_w.l(dsqrt.o)
    0x0800b094   0x00000024   Code   RO          982    .text               mc_w.l(init.o)
    0x0800b0b8   0x0000001e   Code   RO          984    .text               mc_w.l(llshl.o)
    0x0800b0d6   0x0000000e   Code   RO          988    i.__scatterload_copy  mc_w.l(handlers.o)
    0x0800b0e4   0x00000002   Code   RO          989    i.__scatterload_null  mc_w.l(handlers.o)
    0x0800b0e6   0x0000000e   Code   RO          990    i.__scatterload_zeroinit  mc_w.l(handlers.o)
    0x0800b0f4   0x0000000c   Code   RO          970    i.__set_errno       mc_w.l(errno.o)
    0x0800b100   0x0000004e   Code   RO          908    i.sqrt              m_ws.l(sqrt.o)
    0x0800b14e   0x0000a48e   Data   RO          821    .constdata          gui.o
    0x080155dc   0x00000079   Data   RO          889    .conststring        touch.o
    0x08015655   0x00000003   PAD
    0x08015658   0x00000020   Data   RO          986    Region$$Table       anon$$obj.o


    Execution Region RW_IRAM1 (Base: 0x20000000, Size: 0x00004718, Max: 0x00010000, ABSOLUTE)

    Base Addr    Size         Type   Attr      Idx    E Section Name        Object

    0x20000000   0x00000014   Data   RW           18    .data               system_stm32f10x.o
    0x20000014   0x00000014   Data   RW          337    .data               stm32f10x_rcc.o
    0x20000028   0x00000004   Data   RW          424    .data               port.o
    0x2000002c   0x00000018   Data   RW          472    .data               heap_2.o
    0x20000044   0x0000003c   Data   RW          550    .data               tasks.o
    0x20000080   0x00000001   Data   RW          704    .data               bsp.o
    0x20000081   0x00000003   PAD
    0x20000084   0x0000000c   Data   RW          732    .data               main.o
    0x20000090   0x00000004   Data   RW          778    .data               delay.o
    0x20000094   0x00000004   Data   RW          792    .data               display.o
    0x20000098   0x00000008   Data   RW          856    .data               lcd_driver.o
    0x200000a0   0x00000034   Data   RW          890    .data               touch.o
    0x200000d4   0x00000004   Data   RW          971    .data               mc_w.l(errno.o)
    0x200000d8   0x00004000   Zero   RW          471    .bss                heap_2.o
    0x200040d8   0x00000104   Zero   RW          549    .bss                tasks.o
    0x200041dc   0x00000128   Zero   RW          731    .bss                main.o
    0x20004304   0x0000000e   Zero   RW          855    .bss                lcd_driver.o
    0x20004312   0x00000006   PAD
    0x20004318   0x00000400   Zero   RW          114    STACK               startup_stm32f10x_hd.o


==============================================================================

Image component sizes


      Code (inc. data)   RO Data    RW Data    ZI Data      Debug   Object Name

       772         86          0          0          0       3709   apilib.o
       996         56          0          1          0      19233   bsp.o
         0          0          0          0          0       4244   core_cm3.o
       172         10          0          4          0       1239   delay.o
     17032       1260          0          4          0       7083   display.o
      5688         84      42126          0          0      16160   gui.o
       292         20          0         24      16384      13208   heap_2.o
      1292         38          0          8         14       5944   lcd_driver.o
       148          0          0          0          0       2038   list.o
       112         42          0         12        296       5180   main.o
       220         20          0          0          0     207225   misc.o
       386         24          0          4          0       9676   port.o
       196         10          0          0          0       1572   spi.o
        36          8        304          0       1024        860   startup_stm32f10x_hd.o
       856         40          0          0          0       5945   stm32f10x_gpio.o
       272         12          0          0          0       1449   stm32f10x_it.o
        64          6          0          0          0       1409   stm32f10x_iwdg.o
       932         44          0         20          0       9244   stm32f10x_rcc.o
       780         14          0          0          0       6830   stm32f10x_spi.o
      3610         88          0          0          0      22432   stm32f10x_tim.o
      1032         22          0          0          0       8672   stm32f10x_usart.o
       476         36          0         20          0      53447   system_stm32f10x.o
      4020        262          0         60        260      27288   tasks.o
        16          0          0          0          0        619   tk_displaycontroller.o
        52          0          0          0          0        840   tk_timercontroller.o
      3936        356        121         52          0       7321   touch.o

    ----------------------------------------------------------------------
     43392       2538      42586        212      17984     442867   Object Totals
         0          0         32          0          0          0   (incl. Generated)
         4          0          3          3          6          0   (incl. Padding)

    ----------------------------------------------------------------------

      Code (inc. data)   RO Data    RW Data    ZI Data      Debug   Library Member Name

        78          0          0          0          0         84   sqrt.o
         0          0          0          0          0          0   entry.o
         0          0          0          0          0          0   entry10a.o
         0          0          0          0          0          0   entry11a.o
         8          4          0          0          0          0   entry2.o
         4          0          0          0          0          0   entry5.o
         0          0          0          0          0          0   entry7b.o
         0          0          0          0          0          0   entry8b.o
         8          4          0          0          0          0   entry9a.o
        12          6          0          4          0         68   errno.o
        30          0          0          0          0          0   handlers.o
        36          8          0          0          0         68   init.o
         0          0          0          0          0          0   iusefp.o
        30          0          0          0          0         68   llshl.o
        32          0          0          0          0         68   llushr.o
        14          0          0          0          0         68   strlen.o
        40          2          0          0          0         68   cdcmple.o
        40          2          0          0          0         68   cdrcmple.o
       222          0          0          0          0        100   ddiv.o
       190          0          0          0          0        176   depilogue.o
        50          0          0          0          0         76   dfixui.o
        34          0          0          0          0         76   dflti.o
        26          0          0          0          0         76   dfltui.o
       162          0          0          0          0        100   dsqrt.o
        38          0          0          0          0         68   f2d.o
       176          0          0          0          0        140   fadd.o
       128          0          0          0          0         88   fdiv.o
       108          0          0          0          0        168   fepilogue.o
        50          0          0          0          0         68   ffixi.o
        40          0          0          0          0         68   ffixui.o
        18          0          0          0          0         68   fflti.o
        10          0          0          0          0         68   ffltui.o
       108          0          0          0          0         76   fmul.o

    ----------------------------------------------------------------------
      1694         26          0          4          0       1976   Library Totals
         2          0          0          0          0          0   (incl. Padding)

    ----------------------------------------------------------------------

      Code (inc. data)   RO Data    RW Data    ZI Data      Debug   Library Name

        78          0          0          0          0         84   m_ws.l
       174         22          0          4          0        340   mc_w.l
      1440          4          0          0          0       1552   mf_w.l

    ----------------------------------------------------------------------
      1694         26          0          4          0       1976   Library Totals

    ----------------------------------------------------------------------

==============================================================================


      Code (inc. data)   RO Data    RW Data    ZI Data      Debug   

     45086       2564      42586        216      17984     440995   Grand Totals
     45086       2564      42586        216      17984     440995   ELF Image Totals
     45086       2564      42586        216          0          0   ROM Totals

==============================================================================

    Total RO  Size (Code + RO Data)                87672 (  85.62kB)
    Total RW  Size (RW Data + ZI Data)             18200 (  17.77kB)
    Total ROM Size (Code + RO Data + RW Data)      87888 (  85.83kB)

==============================================================================

