ARM Linker, 5.03 [Build 24] [MDK-ARM Standard]

==============================================================================

Section Cross References

    system_stm32f10x.o(.text) refers to system_stm32f10x.o(.data) for SystemCoreClock
    startup_stm32f10x_hd.o(RESET) refers to startup_stm32f10x_hd.o(STACK) for __initial_sp
    startup_stm32f10x_hd.o(RESET) refers to startup_stm32f10x_hd.o(.text) for Reset_Handler
    startup_stm32f10x_hd.o(RESET) refers to stm32f10x_it.o(.text) for NMI_Handler
    startup_stm32f10x_hd.o(RESET) refers to port.o(.emb_text) for SVC_Handler
    startup_stm32f10x_hd.o(RESET) refers to port.o(.text) for SysTick_Handler
    startup_stm32f10x_hd.o(.text) refers to system_stm32f10x.o(.text) for SystemInit
    startup_stm32f10x_hd.o(.text) refers to entry.o(.ARM.Collect$$$$00000000) for __main
    stm32f10x_adc.o(.text) refers to stm32f10x_rcc.o(.text) for RCC_APB2PeriphResetCmd
    stm32f10x_bkp.o(.text) refers to stm32f10x_rcc.o(.text) for RCC_BackupResetCmd
    stm32f10x_can.o(.text) refers to stm32f10x_rcc.o(.text) for RCC_APB1PeriphResetCmd
    stm32f10x_cec.o(.text) refers to stm32f10x_rcc.o(.text) for RCC_APB1PeriphResetCmd
    stm32f10x_dac.o(.text) refers to stm32f10x_rcc.o(.text) for RCC_APB1PeriphResetCmd
    stm32f10x_gpio.o(.text) refers to stm32f10x_rcc.o(.text) for RCC_APB2PeriphResetCmd
    stm32f10x_i2c.o(.text) refers to stm32f10x_rcc.o(.text) for RCC_APB1PeriphResetCmd
    stm32f10x_pwr.o(.text) refers to stm32f10x_rcc.o(.text) for RCC_APB1PeriphResetCmd
    stm32f10x_rcc.o(.text) refers to stm32f10x_rcc.o(.data) for APBAHBPrescTable
    stm32f10x_spi.o(.text) refers to stm32f10x_rcc.o(.text) for RCC_APB2PeriphResetCmd
    stm32f10x_tim.o(.text) refers to stm32f10x_rcc.o(.text) for RCC_APB2PeriphResetCmd
    stm32f10x_usart.o(.text) refers to stm32f10x_rcc.o(.text) for RCC_APB2PeriphResetCmd
    stm32f10x_wwdg.o(.text) refers to stm32f10x_rcc.o(.text) for RCC_APB1PeriphResetCmd
    port.o(.emb_text) refers to tasks.o(.text) for vTaskSwitchContext
    port.o(.emb_text) refers to tasks.o(.data) for pxCurrentTCB
    port.o(.text) refers to port.o(.emb_text) for __asm___6_port_c_39a90d8d__prvStartFirstTask
    port.o(.text) refers to tasks.o(.text) for xTaskIncrementTick
    port.o(.text) refers to port.o(.data) for uxCriticalNesting
    heap_2.o(.text) refers to tasks.o(.text) for vTaskSuspendAll
    heap_2.o(.text) refers to heap_2.o(.bss) for ucHeap
    heap_2.o(.text) refers to heap_2.o(.data) for xStart
    queue.o(.text) refers to port.o(.text) for vPortEnterCritical
    queue.o(.text) refers to tasks.o(.text) for xTaskRemoveFromEventList
    queue.o(.text) refers to list.o(.text) for vListInitialise
    queue.o(.text) refers to heap_2.o(.text) for pvPortMalloc
    queue.o(.text) refers to memcpya.o(.text) for __aeabi_memcpy
    tasks.o(.text) refers to list.o(.text) for vListInitialise
    tasks.o(.text) refers to port.o(.text) for vPortEnterCritical
    tasks.o(.text) refers to heap_2.o(.text) for pvPortMalloc
    tasks.o(.text) refers to main.o(.text) for vApplicationTickHook
    tasks.o(.text) refers to tasks.o(.bss) for pxReadyTasksLists
    tasks.o(.text) refers to tasks.o(.data) for pxDelayedTaskList
    apilib.o(.text) refers to stm32f10x_usart.o(.text) for USART_ITConfig
    apilib.o(.text) refers to main.o(.bss) for mMaininf
    apilib.o(.text) refers to eeprom.o(.text) for api_EEPROM_EarsePage
    apilib.o(.text) refers to tasks.o(.text) for vTaskDelay
    apilib.o(.text) refers to stm32f10x_tim.o(.text) for TIM_Cmd
    apilib.o(.text) refers to stm32f10x_gpio.o(.text) for GPIO_ReadInputDataBit
    apilib.o(.text) refers to port.o(.text) for vPortEnterCritical
    tk_timercontroller.o(.text) refers to stm32f10x_gpio.o(.text) for GPIO_ReadInputDataBit
    tk_timercontroller.o(.text) refers to apilib.o(.text) for api_GetCurrentSystemTime
    tk_timercontroller.o(.text) refers to stm32f10x_iwdg.o(.text) for IWDG_ReloadCounter
    tk_timercontroller.o(.text) refers to tasks.o(.text) for vTaskDelay
    tk_timercontroller.o(.text) refers to main.o(.bss) for mMaininf
    tk_testcontroller.o(.text) refers to apilib.o(.text) for api_UART5_Display_SendCMDData
    tk_testcontroller.o(.text) refers to tasks.o(.text) for vTaskDelay
    tk_testcontroller.o(.text) refers to stm32f10x_iwdg.o(.text) for IWDG_ReloadCounter
    tk_testcontroller.o(.text) refers to main.o(.bss) for mMaininf
    tk_testcontroller.o(.text) refers to tk_testcontroller.o(.data) for xMainBoardVersion
    tk_testcontroller.o(.text) refers to tk_testcontroller.o(.bss) for ssss
    bsp.o(.text) refers to misc.o(.text) for NVIC_PriorityGroupConfig
    bsp.o(.text) refers to stm32f10x_rcc.o(.text) for RCC_HSICmd
    bsp.o(.text) refers to stm32f10x_gpio.o(.text) for GPIO_PinRemapConfig
    bsp.o(.text) refers to stm32f10x_iwdg.o(.text) for IWDG_WriteAccessCmd
    bsp.o(.text) refers to stm32f10x_tim.o(.text) for TIM_TimeBaseInit
    bsp.o(.text) refers to bsp.o(.data) for HSEStartUpStatus
    bsp.o(.text) refers to system_stm32f10x.o(.data) for SystemCoreClock
    bsp.o(.text) refers to stm32f10x_usart.o(.text) for USART_Init
    bsp.o(.text) refers to stm32f10x_dma.o(.text) for DMA_DeInit
    bsp.o(.text) refers to stm32f10x_adc.o(.text) for ADC_Init
    bsp.o(.text) refers to main.o(.bss) for ADCValue
    bsp.o(.text) refers to memseta.o(.text) for __aeabi_memclr4
    main.o(.text) refers to tasks.o(.text) for xTaskCreate
    main.o(.text) refers to bsp.o(.text) for prvSetupHardware
    main.o(.text) refers to main.o(.data) for xTaskTimer
    main.o(.text) refers to tk_timercontroller.o(.text) for TK_TimerController
    main.o(.text) refers to tk_testcontroller.o(.text) for TK_TestController
    stm32f10x_it.o(.text) refers to stm32f10x_tim.o(.text) for TIM_GetITStatus
    stm32f10x_it.o(.text) refers to main.o(.bss) for mMaininf
    stm32f10x_it.o(.text) refers to apilib.o(.text) for api_Guide_Send
    stm32f10x_it.o(.text) refers to stm32f10x_usart.o(.text) for USART_GetITStatus
    eeprom.o(.text) refers to stm32f10x_flash.o(.text) for FLASH_ProgramHalfWord
    eeprom.o(.text) refers to stm32f10x_rcc.o(.text) for RCC_APB1PeriphClockCmd
    myprint.o(.text) refers to myprint.o(.data) for printfEnable
    myprint.o(.data) refers to printfa.o(i.__0printf) for printf
    entry.o(.ARM.Collect$$$$00000000) refers (Special) to entry10a.o(.ARM.Collect$$$$0000000D) for __rt_final_cpp
    entry.o(.ARM.Collect$$$$00000000) refers (Special) to entry11a.o(.ARM.Collect$$$$0000000F) for __rt_final_exit
    entry.o(.ARM.Collect$$$$00000000) refers (Special) to entry7b.o(.ARM.Collect$$$$00000008) for _main_clock
    entry.o(.ARM.Collect$$$$00000000) refers (Special) to entry8b.o(.ARM.Collect$$$$0000000A) for _main_cpp_init
    entry.o(.ARM.Collect$$$$00000000) refers (Special) to entry9a.o(.ARM.Collect$$$$0000000B) for _main_init
    entry.o(.ARM.Collect$$$$00000000) refers (Special) to entry5.o(.ARM.Collect$$$$00000004) for _main_scatterload
    entry.o(.ARM.Collect$$$$00000000) refers (Special) to entry2.o(.ARM.Collect$$$$00000001) for _main_stk
    printfa.o(i.__0fprintf) refers (Special) to iusefp.o(.text) for __I$use$fp
    printfa.o(i.__0fprintf) refers to printfa.o(i._printf_core) for _printf_core
    printfa.o(i.__0fprintf) refers to fputc.o(i.fputc) for fputc
    printfa.o(i.__0printf) refers (Special) to iusefp.o(.text) for __I$use$fp
    printfa.o(i.__0printf) refers to printfa.o(i._printf_core) for _printf_core
    printfa.o(i.__0printf) refers to fputc.o(i.fputc) for fputc
    printfa.o(i.__0printf) refers to stdout.o(.data) for __stdout
    printfa.o(i.__0snprintf) refers (Special) to iusefp.o(.text) for __I$use$fp
    printfa.o(i.__0snprintf) refers to printfa.o(i._printf_core) for _printf_core
    printfa.o(i.__0snprintf) refers to printfa.o(i._snputc) for _snputc
    printfa.o(i.__0sprintf) refers (Special) to iusefp.o(.text) for __I$use$fp
    printfa.o(i.__0sprintf) refers to printfa.o(i._printf_core) for _printf_core
    printfa.o(i.__0sprintf) refers to printfa.o(i._sputc) for _sputc
    printfa.o(i.__0vfprintf) refers (Special) to iusefp.o(.text) for __I$use$fp
    printfa.o(i.__0vfprintf) refers to printfa.o(i._printf_core) for _printf_core
    printfa.o(i.__0vfprintf) refers to fputc.o(i.fputc) for fputc
    printfa.o(i.__0vprintf) refers (Special) to iusefp.o(.text) for __I$use$fp
    printfa.o(i.__0vprintf) refers to printfa.o(i._printf_core) for _printf_core
    printfa.o(i.__0vprintf) refers to fputc.o(i.fputc) for fputc
    printfa.o(i.__0vprintf) refers to stdout.o(.data) for __stdout
    printfa.o(i.__0vsnprintf) refers (Special) to iusefp.o(.text) for __I$use$fp
    printfa.o(i.__0vsnprintf) refers to printfa.o(i._printf_core) for _printf_core
    printfa.o(i.__0vsnprintf) refers to printfa.o(i._snputc) for _snputc
    printfa.o(i.__0vsprintf) refers (Special) to iusefp.o(.text) for __I$use$fp
    printfa.o(i.__0vsprintf) refers to printfa.o(i._printf_core) for _printf_core
    printfa.o(i.__0vsprintf) refers to printfa.o(i._sputc) for _sputc
    printfa.o(i._fp_digits) refers (Special) to iusefp.o(.text) for __I$use$fp
    printfa.o(i._fp_digits) refers to dmul.o(.text) for __aeabi_dmul
    printfa.o(i._fp_digits) refers to ddiv.o(.text) for __aeabi_ddiv
    printfa.o(i._fp_digits) refers to cdrcmple.o(.text) for __aeabi_cdrcmple
    printfa.o(i._fp_digits) refers to dadd.o(.text) for __aeabi_dadd
    printfa.o(i._fp_digits) refers to dfixul.o(.text) for __aeabi_d2ulz
    printfa.o(i._fp_digits) refers to uldiv.o(.text) for __aeabi_uldivmod
    printfa.o(i._printf_core) refers (Special) to iusefp.o(.text) for __I$use$fp
    printfa.o(i._printf_core) refers to printfa.o(i._printf_pre_padding) for _printf_pre_padding
    printfa.o(i._printf_core) refers to uldiv.o(.text) for __aeabi_uldivmod
    printfa.o(i._printf_core) refers to printfa.o(i._printf_post_padding) for _printf_post_padding
    printfa.o(i._printf_core) refers to printfa.o(i._fp_digits) for _fp_digits
    printfa.o(i._printf_core) refers to uidiv.o(.text) for __aeabi_uidivmod
    printfa.o(i._printf_post_padding) refers (Special) to iusefp.o(.text) for __I$use$fp
    printfa.o(i._printf_pre_padding) refers (Special) to iusefp.o(.text) for __I$use$fp
    printfa.o(i._snputc) refers (Special) to iusefp.o(.text) for __I$use$fp
    printfa.o(i._sputc) refers (Special) to iusefp.o(.text) for __I$use$fp
    entry2.o(.ARM.Collect$$$$00000001) refers to entry2.o(.ARM.Collect$$$$00002712) for __lit__00000000
    entry2.o(.ARM.Collect$$$$00002712) refers to startup_stm32f10x_hd.o(STACK) for __initial_sp
    entry2.o(__vectab_stack_and_reset_area) refers to startup_stm32f10x_hd.o(STACK) for __initial_sp
    entry2.o(__vectab_stack_and_reset_area) refers to entry.o(.ARM.Collect$$$$00000000) for __main
    entry5.o(.ARM.Collect$$$$00000004) refers to init.o(.text) for __scatterload
    entry9a.o(.ARM.Collect$$$$0000000B) refers to main.o(.text) for main
    entry9b.o(.ARM.Collect$$$$0000000C) refers to main.o(.text) for main
    fputc.o(i.fputc) refers (Special) to iusesemip.o(.text) for __I$use$semihosting$fputc
    fputc.o(i.fputc) refers (Special) to semi.o(.text) for __semihosting_library_function
    uldiv.o(.text) refers to llushr.o(.text) for __aeabi_llsr
    uldiv.o(.text) refers to llshl.o(.text) for __aeabi_llsl
    dadd.o(.text) refers to llshl.o(.text) for __aeabi_llsl
    dadd.o(.text) refers to llsshr.o(.text) for __aeabi_lasr
    dadd.o(.text) refers to depilogue.o(.text) for _double_epilogue
    dmul.o(.text) refers to depilogue.o(.text) for _double_epilogue
    ddiv.o(.text) refers to depilogue.o(.text) for _double_round
    dfixul.o(.text) refers to llushr.o(.text) for __aeabi_llsr
    dfixul.o(.text) refers to llshl.o(.text) for __aeabi_llsl
    init.o(.text) refers to entry5.o(.ARM.Collect$$$$00000004) for __main_after_scatterload
    depilogue.o(.text) refers to llshl.o(.text) for __aeabi_llsl
    depilogue.o(.text) refers to llushr.o(.text) for __aeabi_llsr


==============================================================================

Removing Unused input sections from the image.

    Removing core_cm3.o(.emb_text), (32 bytes).
    Removing startup_stm32f10x_hd.o(HEAP), (512 bytes).
    Removing stm32f10x_bkp.o(.text), (196 bytes).
    Removing stm32f10x_can.o(.text), (2536 bytes).
    Removing stm32f10x_cec.o(.text), (288 bytes).
    Removing stm32f10x_crc.o(.text), (72 bytes).
    Removing stm32f10x_dac.o(.text), (396 bytes).
    Removing stm32f10x_dbgmcu.o(.text), (48 bytes).
    Removing stm32f10x_exti.o(.text), (284 bytes).
    Removing stm32f10x_fsmc.o(.text), (1560 bytes).
    Removing stm32f10x_i2c.o(.text), (1028 bytes).
    Removing stm32f10x_pwr.o(.text), (204 bytes).
    Removing stm32f10x_rtc.o(.text), (324 bytes).
    Removing stm32f10x_sdio.o(.text), (472 bytes).
    Removing stm32f10x_spi.o(.text), (780 bytes).
    Removing stm32f10x_wwdg.o(.text), (136 bytes).
    Removing queue.o(.text), (2132 bytes).
    Removing apilib.o(.data), (8 bytes).
    Removing tk_timercontroller.o(.data), (17 bytes).
    Removing tk_displaycontroller.o(.text), (2 bytes).
    Removing timer.o(.text), (144 bytes).
    Removing myprint.o(.text), (20 bytes).
    Removing myprint.o(.data), (16 bytes).
    Removing dadd.o(.text), (334 bytes).
    Removing dmul.o(.text), (228 bytes).
    Removing ddiv.o(.text), (222 bytes).
    Removing dfixul.o(.text), (48 bytes).
    Removing cdrcmple.o(.text), (40 bytes).
    Removing depilogue.o(.text), (190 bytes).

29 unused section(s) (total 12269 bytes) removed from the image.

==============================================================================

Image Symbol Table

    Local Symbols

    Symbol Name                              Value     Ov Type        Size  Object(Section)

    ../clib/microlib/division.c              0x00000000   Number         0  uldiv.o ABSOLUTE
    ../clib/microlib/division.c              0x00000000   Number         0  uidiv.o ABSOLUTE
    ../clib/microlib/init/entry.s            0x00000000   Number         0  entry7a.o ABSOLUTE
    ../clib/microlib/init/entry.s            0x00000000   Number         0  entry9a.o ABSOLUTE
    ../clib/microlib/init/entry.s            0x00000000   Number         0  entry9b.o ABSOLUTE
    ../clib/microlib/init/entry.s            0x00000000   Number         0  entry8a.o ABSOLUTE
    ../clib/microlib/init/entry.s            0x00000000   Number         0  entry7b.o ABSOLUTE
    ../clib/microlib/init/entry.s            0x00000000   Number         0  entry11b.o ABSOLUTE
    ../clib/microlib/init/entry.s            0x00000000   Number         0  entry5.o ABSOLUTE
    ../clib/microlib/init/entry.s            0x00000000   Number         0  entry.o ABSOLUTE
    ../clib/microlib/init/entry.s            0x00000000   Number         0  entry2.o ABSOLUTE
    ../clib/microlib/init/entry.s            0x00000000   Number         0  entry8b.o ABSOLUTE
    ../clib/microlib/init/entry.s            0x00000000   Number         0  entry11a.o ABSOLUTE
    ../clib/microlib/init/entry.s            0x00000000   Number         0  entry10b.o ABSOLUTE
    ../clib/microlib/init/entry.s            0x00000000   Number         0  entry10a.o ABSOLUTE
    ../clib/microlib/longlong.c              0x00000000   Number         0  llshl.o ABSOLUTE
    ../clib/microlib/longlong.c              0x00000000   Number         0  llushr.o ABSOLUTE
    ../clib/microlib/longlong.c              0x00000000   Number         0  llsshr.o ABSOLUTE
    ../clib/microlib/printf/printf.c         0x00000000   Number         0  printfa.o ABSOLUTE
    ../clib/microlib/stdio/fputc.c           0x00000000   Number         0  fputc.o ABSOLUTE
    ../clib/microlib/stdio/semi.s            0x00000000   Number         0  semi.o ABSOLUTE
    ../clib/microlib/stdio/streams.c         0x00000000   Number         0  stdout.o ABSOLUTE
    ../clib/microlib/string/memcpy.c         0x00000000   Number         0  memcpya.o ABSOLUTE
    ../clib/microlib/string/memcpy.c         0x00000000   Number         0  memcpyb.o ABSOLUTE
    ../clib/microlib/string/memset.c         0x00000000   Number         0  memseta.o ABSOLUTE
    ../clib/microlib/stubs.s                 0x00000000   Number         0  iusefp.o ABSOLUTE
    ../clib/microlib/stubs.s                 0x00000000   Number         0  iusesemip.o ABSOLUTE
    ../fplib/microlib/fpadd.c                0x00000000   Number         0  dadd.o ABSOLUTE
    ../fplib/microlib/fpdiv.c                0x00000000   Number         0  ddiv.o ABSOLUTE
    ../fplib/microlib/fpepilogue.c           0x00000000   Number         0  depilogue.o ABSOLUTE
    ../fplib/microlib/fpfix.c                0x00000000   Number         0  dfixul.o ABSOLUTE
    ../fplib/microlib/fpmul.c                0x00000000   Number         0  dmul.o ABSOLUTE
    FreeRTOS\Portable\port.c                 0x00000000   Number         0  port.o ABSOLUTE
    FreeRTOS\\Portable\\port.c               0x00000000   Number         0  port.o ABSOLUTE
    FreeRTOS\heap_2.c                        0x00000000   Number         0  heap_2.o ABSOLUTE
    FreeRTOS\list.c                          0x00000000   Number         0  list.o ABSOLUTE
    FreeRTOS\queue.c                         0x00000000   Number         0  queue.o ABSOLUTE
    FreeRTOS\tasks.c                         0x00000000   Number         0  tasks.o ABSOLUTE
    FunLib\apiLib.c                          0x00000000   Number         0  apilib.o ABSOLUTE
    Lib\CMSIS\STM32F10x\startup\startup_stm32f10x_hd.s 0x00000000   Number         0  startup_stm32f10x_hd.o ABSOLUTE
    Lib\CMSIS\STM32F10x\system_stm32f10x.c   0x00000000   Number         0  system_stm32f10x.o ABSOLUTE
    Lib\CMSIS\core_cm3.c                     0x00000000   Number         0  core_cm3.o ABSOLUTE
    Lib\STM32F10x_StdPeriph_Driver\src\misc.c 0x00000000   Number         0  misc.o ABSOLUTE
    Lib\STM32F10x_StdPeriph_Driver\src\stm32f10x_adc.c 0x00000000   Number         0  stm32f10x_adc.o ABSOLUTE
    Lib\STM32F10x_StdPeriph_Driver\src\stm32f10x_bkp.c 0x00000000   Number         0  stm32f10x_bkp.o ABSOLUTE
    Lib\STM32F10x_StdPeriph_Driver\src\stm32f10x_can.c 0x00000000   Number         0  stm32f10x_can.o ABSOLUTE
    Lib\STM32F10x_StdPeriph_Driver\src\stm32f10x_cec.c 0x00000000   Number         0  stm32f10x_cec.o ABSOLUTE
    Lib\STM32F10x_StdPeriph_Driver\src\stm32f10x_crc.c 0x00000000   Number         0  stm32f10x_crc.o ABSOLUTE
    Lib\STM32F10x_StdPeriph_Driver\src\stm32f10x_dac.c 0x00000000   Number         0  stm32f10x_dac.o ABSOLUTE
    Lib\STM32F10x_StdPeriph_Driver\src\stm32f10x_dbgmcu.c 0x00000000   Number         0  stm32f10x_dbgmcu.o ABSOLUTE
    Lib\STM32F10x_StdPeriph_Driver\src\stm32f10x_dma.c 0x00000000   Number         0  stm32f10x_dma.o ABSOLUTE
    Lib\STM32F10x_StdPeriph_Driver\src\stm32f10x_exti.c 0x00000000   Number         0  stm32f10x_exti.o ABSOLUTE
    Lib\STM32F10x_StdPeriph_Driver\src\stm32f10x_flash.c 0x00000000   Number         0  stm32f10x_flash.o ABSOLUTE
    Lib\STM32F10x_StdPeriph_Driver\src\stm32f10x_fsmc.c 0x00000000   Number         0  stm32f10x_fsmc.o ABSOLUTE
    Lib\STM32F10x_StdPeriph_Driver\src\stm32f10x_gpio.c 0x00000000   Number         0  stm32f10x_gpio.o ABSOLUTE
    Lib\STM32F10x_StdPeriph_Driver\src\stm32f10x_i2c.c 0x00000000   Number         0  stm32f10x_i2c.o ABSOLUTE
    Lib\STM32F10x_StdPeriph_Driver\src\stm32f10x_iwdg.c 0x00000000   Number         0  stm32f10x_iwdg.o ABSOLUTE
    Lib\STM32F10x_StdPeriph_Driver\src\stm32f10x_pwr.c 0x00000000   Number         0  stm32f10x_pwr.o ABSOLUTE
    Lib\STM32F10x_StdPeriph_Driver\src\stm32f10x_rcc.c 0x00000000   Number         0  stm32f10x_rcc.o ABSOLUTE
    Lib\STM32F10x_StdPeriph_Driver\src\stm32f10x_rtc.c 0x00000000   Number         0  stm32f10x_rtc.o ABSOLUTE
    Lib\STM32F10x_StdPeriph_Driver\src\stm32f10x_sdio.c 0x00000000   Number         0  stm32f10x_sdio.o ABSOLUTE
    Lib\STM32F10x_StdPeriph_Driver\src\stm32f10x_spi.c 0x00000000   Number         0  stm32f10x_spi.o ABSOLUTE
    Lib\STM32F10x_StdPeriph_Driver\src\stm32f10x_tim.c 0x00000000   Number         0  stm32f10x_tim.o ABSOLUTE
    Lib\STM32F10x_StdPeriph_Driver\src\stm32f10x_usart.c 0x00000000   Number         0  stm32f10x_usart.o ABSOLUTE
    Lib\STM32F10x_StdPeriph_Driver\src\stm32f10x_wwdg.c 0x00000000   Number         0  stm32f10x_wwdg.o ABSOLUTE
    Lib\\CMSIS\\core_cm3.c                   0x00000000   Number         0  core_cm3.o ABSOLUTE
    Project\bsp.c                            0x00000000   Number         0  bsp.o ABSOLUTE
    Project\eeprom.c                         0x00000000   Number         0  eeprom.o ABSOLUTE
    Project\main.c                           0x00000000   Number         0  main.o ABSOLUTE
    Project\myprint.c                        0x00000000   Number         0  myprint.o ABSOLUTE
    Project\stm32f10x_it.c                   0x00000000   Number         0  stm32f10x_it.o ABSOLUTE
    Project\timer.c                          0x00000000   Number         0  timer.o ABSOLUTE
    TaskManager\TK_DisplayController.c       0x00000000   Number         0  tk_displaycontroller.o ABSOLUTE
    TaskManager\TK_TestController.c          0x00000000   Number         0  tk_testcontroller.o ABSOLUTE
    TaskManager\TK_TimerController.c         0x00000000   Number         0  tk_timercontroller.o ABSOLUTE
    cdrcmple.s                               0x00000000   Number         0  cdrcmple.o ABSOLUTE
    dc.s                                     0x00000000   Number         0  dc.o ABSOLUTE
    handlers.s                               0x00000000   Number         0  handlers.o ABSOLUTE
    init.s                                   0x00000000   Number         0  init.o ABSOLUTE
    RESET                                    0x08000000   Section      304  startup_stm32f10x_hd.o(RESET)
    .ARM.Collect$$$$00000000                 0x08000130   Section        0  entry.o(.ARM.Collect$$$$00000000)
    .ARM.Collect$$$$00000001                 0x08000130   Section        4  entry2.o(.ARM.Collect$$$$00000001)
    .ARM.Collect$$$$00000004                 0x08000134   Section        4  entry5.o(.ARM.Collect$$$$00000004)
    .ARM.Collect$$$$00000008                 0x08000138   Section        0  entry7b.o(.ARM.Collect$$$$00000008)
    .ARM.Collect$$$$0000000A                 0x08000138   Section        0  entry8b.o(.ARM.Collect$$$$0000000A)
    .ARM.Collect$$$$0000000B                 0x08000138   Section        8  entry9a.o(.ARM.Collect$$$$0000000B)
    .ARM.Collect$$$$0000000D                 0x08000140   Section        0  entry10a.o(.ARM.Collect$$$$0000000D)
    .ARM.Collect$$$$0000000F                 0x08000140   Section        0  entry11a.o(.ARM.Collect$$$$0000000F)
    .ARM.Collect$$$$00002712                 0x08000140   Section        4  entry2.o(.ARM.Collect$$$$00002712)
    __lit__00000000                          0x08000140   Data           4  entry2.o(.ARM.Collect$$$$00002712)
    .emb_text                                0x08000144   Section      150  port.o(.emb_text)
    .text                                    0x080001dc   Section        0  system_stm32f10x.o(.text)
    SetSysClockTo72                          0x080001dd   Thumb Code   212  system_stm32f10x.o(.text)
    SetSysClock                              0x080002b1   Thumb Code     8  system_stm32f10x.o(.text)
    .text                                    0x080003b8   Section       36  startup_stm32f10x_hd.o(.text)
    .text                                    0x080003dc   Section        0  misc.o(.text)
    .text                                    0x080004b8   Section        0  stm32f10x_adc.o(.text)
    .text                                    0x08000908   Section        0  stm32f10x_dma.o(.text)
    .text                                    0x08000b58   Section        0  stm32f10x_flash.o(.text)
    .text                                    0x08001114   Section        0  stm32f10x_gpio.o(.text)
    .text                                    0x0800146c   Section        0  stm32f10x_iwdg.o(.text)
    .text                                    0x080014ac   Section        0  stm32f10x_rcc.o(.text)
    .text                                    0x08001850   Section        0  stm32f10x_tim.o(.text)
    TI4_Config                               0x08001cf7   Thumb Code   130  stm32f10x_tim.o(.text)
    TI3_Config                               0x08001d8b   Thumb Code   122  stm32f10x_tim.o(.text)
    TI2_Config                               0x08001e1f   Thumb Code   130  stm32f10x_tim.o(.text)
    TI1_Config                               0x08001eb3   Thumb Code   108  stm32f10x_tim.o(.text)
    .text                                    0x0800266c   Section        0  stm32f10x_usart.o(.text)
    .text                                    0x08002a74   Section        0  port.o(.text)
    prvTaskExitError                         0x08002a75   Thumb Code    22  port.o(.text)
    .text                                    0x08002b64   Section        0  heap_2.o(.text)
    prvHeapInit                              0x08002b65   Thumb Code    42  heap_2.o(.text)
    .text                                    0x08002c88   Section        0  list.o(.text)
    .text                                    0x08002d1c   Section        0  tasks.o(.text)
    prvInitialiseTaskLists                   0x08002d1d   Thumb Code    70  tasks.o(.text)
    prvAddNewTaskToReadyList                 0x08002d63   Thumb Code   150  tasks.o(.text)
    prvInitialiseNewTask                     0x08002df9   Thumb Code   138  tasks.o(.text)
    prvResetNextTaskUnblockTime              0x08002ee3   Thumb Code    42  tasks.o(.text)
    prvDeleteTCB                             0x08002f0d   Thumb Code    18  tasks.o(.text)
    prvAddCurrentTaskToDelayedList           0x080031db   Thumb Code   124  tasks.o(.text)
    prvTaskIsTaskSuspended                   0x0800351f   Thumb Code   118  tasks.o(.text)
    prvCheckTasksWaitingTermination          0x0800367f   Thumb Code    60  tasks.o(.text)
    prvIdleTask                              0x080036bb   Thumb Code    32  tasks.o(.text)
    .text                                    0x08003cd0   Section        0  apilib.o(.text)
    .text                                    0x08004f54   Section        0  tk_timercontroller.o(.text)
    .text                                    0x08005140   Section        0  tk_testcontroller.o(.text)
    .text                                    0x0800802c   Section        0  bsp.o(.text)
    .text                                    0x08008cb0   Section        0  main.o(.text)
    .text                                    0x08008d20   Section        0  stm32f10x_it.o(.text)
    .text                                    0x080095ac   Section        0  eeprom.o(.text)
    __set_PRIMASK                            0x08009645   Thumb Code     6  eeprom.o(.text)
    .text                                    0x0800964a   Section        0  memseta.o(.text)
    .text                                    0x08009670   Section       36  init.o(.text)
    i.__scatterload_copy                     0x08009694   Section       14  handlers.o(i.__scatterload_copy)
    i.__scatterload_null                     0x080096a2   Section        2  handlers.o(i.__scatterload_null)
    i.__scatterload_zeroinit                 0x080096a4   Section       14  handlers.o(i.__scatterload_zeroinit)
    .data                                    0x20000000   Section       20  system_stm32f10x.o(.data)
    .data                                    0x20000014   Section       20  stm32f10x_rcc.o(.data)
    APBAHBPrescTable                         0x20000014   Data          16  stm32f10x_rcc.o(.data)
    ADCPrescTable                            0x20000024   Data           4  stm32f10x_rcc.o(.data)
    .data                                    0x20000028   Section        4  port.o(.data)
    uxCriticalNesting                        0x20000028   Data           4  port.o(.data)
    .data                                    0x2000002c   Section       24  heap_2.o(.data)
    xFreeBytesRemaining                      0x2000002c   Data           4  heap_2.o(.data)
    xHeapHasBeenInitialised                  0x20000030   Data           4  heap_2.o(.data)
    xStart                                   0x20000034   Data           8  heap_2.o(.data)
    xEnd                                     0x2000003c   Data           8  heap_2.o(.data)
    .data                                    0x20000044   Section       60  tasks.o(.data)
    uxDeletedTasksWaitingCleanUp             0x20000048   Data           4  tasks.o(.data)
    uxCurrentNumberOfTasks                   0x2000004c   Data           4  tasks.o(.data)
    xTickCount                               0x20000050   Data           4  tasks.o(.data)
    uxTopReadyPriority                       0x20000054   Data           4  tasks.o(.data)
    xSchedulerRunning                        0x20000058   Data           4  tasks.o(.data)
    uxPendedTicks                            0x2000005c   Data           4  tasks.o(.data)
    xYieldPending                            0x20000060   Data           4  tasks.o(.data)
    xNumOfOverflows                          0x20000064   Data           4  tasks.o(.data)
    uxTaskNumber                             0x20000068   Data           4  tasks.o(.data)
    xNextTaskUnblockTime                     0x2000006c   Data           4  tasks.o(.data)
    xIdleTaskHandle                          0x20000070   Data           4  tasks.o(.data)
    uxSchedulerSuspended                     0x20000074   Data           4  tasks.o(.data)
    pxDelayedTaskList                        0x20000078   Data           4  tasks.o(.data)
    pxOverflowDelayedTaskList                0x2000007c   Data           4  tasks.o(.data)
    .data                                    0x20000080   Section        5  tk_testcontroller.o(.data)
    .data                                    0x20000085   Section        1  bsp.o(.data)
    HSEStartUpStatus                         0x20000085   Data           1  bsp.o(.data)
    .data                                    0x20000088   Section       12  main.o(.data)
    HSEStartUpStatus                         0x20000088   Data           1  main.o(.data)
    .bss                                     0x20000094   Section    16384  heap_2.o(.bss)
    ucHeap                                   0x20000094   Data       16384  heap_2.o(.bss)
    .bss                                     0x20004094   Section      260  tasks.o(.bss)
    pxReadyTasksLists                        0x20004094   Data         160  tasks.o(.bss)
    xDelayedTaskList1                        0x20004134   Data          20  tasks.o(.bss)
    xDelayedTaskList2                        0x20004148   Data          20  tasks.o(.bss)
    xPendingReadyList                        0x2000415c   Data          20  tasks.o(.bss)
    xTasksWaitingTermination                 0x20004170   Data          20  tasks.o(.bss)
    xSuspendedTaskList                       0x20004184   Data          20  tasks.o(.bss)
    .bss                                     0x20004198   Section       32  tk_testcontroller.o(.bss)
    .bss                                     0x200041b8   Section      936  main.o(.bss)
    STACK                                    0x20004560   Section     1024  startup_stm32f10x_hd.o(STACK)

    Global Symbols

    Symbol Name                              Value     Ov Type        Size  Object(Section)

    BuildAttributes$$THM_ISAv4$P$D$K$B$S$PE$A:L22UL41UL21$X:L11$S22US41US21$IEEE1$IW$USESV6$~STKCKD$USESV7$~SHL$OSPACE$ROPI$EBA8$MICROLIB$REQ8$PRES8$EABIv2 0x00000000   Number         0  anon$$obj.o ABSOLUTE
    __ARM_use_no_argv                        0x00000000   Number         0  main.o ABSOLUTE
    __cpp_initialize__aeabi_                  - Undefined Weak Reference
    __cxa_finalize                            - Undefined Weak Reference
    __decompress                              - Undefined Weak Reference
    _clock_init                               - Undefined Weak Reference
    _microlib_exit                            - Undefined Weak Reference
    __Vectors_Size                           0x00000130   Number         0  startup_stm32f10x_hd.o ABSOLUTE
    __Vectors                                0x08000000   Data           4  startup_stm32f10x_hd.o(RESET)
    __Vectors_End                            0x08000130   Data           0  startup_stm32f10x_hd.o(RESET)
    __main                                   0x08000131   Thumb Code     0  entry.o(.ARM.Collect$$$$00000000)
    _main_stk                                0x08000131   Thumb Code     0  entry2.o(.ARM.Collect$$$$00000001)
    _main_scatterload                        0x08000135   Thumb Code     0  entry5.o(.ARM.Collect$$$$00000004)
    __main_after_scatterload                 0x08000139   Thumb Code     0  entry5.o(.ARM.Collect$$$$00000004)
    _main_clock                              0x08000139   Thumb Code     0  entry7b.o(.ARM.Collect$$$$00000008)
    _main_cpp_init                           0x08000139   Thumb Code     0  entry8b.o(.ARM.Collect$$$$0000000A)
    _main_init                               0x08000139   Thumb Code     0  entry9a.o(.ARM.Collect$$$$0000000B)
    __rt_final_cpp                           0x08000141   Thumb Code     0  entry10a.o(.ARM.Collect$$$$0000000D)
    __rt_final_exit                          0x08000141   Thumb Code     0  entry11a.o(.ARM.Collect$$$$0000000F)
    SVC_Handler                              0x08000145   Thumb Code    32  port.o(.emb_text)
    __asm___6_port_c_39a90d8d__prvStartFirstTask 0x08000169   Thumb Code    28  port.o(.emb_text)
    PendSV_Handler                           0x08000189   Thumb Code    72  port.o(.emb_text)
    vPortGetIPSR                             0x080001d5   Thumb Code     6  port.o(.emb_text)
    SystemInit                               0x080002b9   Thumb Code    78  system_stm32f10x.o(.text)
    SystemCoreClockUpdate                    0x08000307   Thumb Code   142  system_stm32f10x.o(.text)
    Reset_Handler                            0x080003b9   Thumb Code     8  startup_stm32f10x_hd.o(.text)
    ADC1_2_IRQHandler                        0x080003d3   Thumb Code     0  startup_stm32f10x_hd.o(.text)
    ADC3_IRQHandler                          0x080003d3   Thumb Code     0  startup_stm32f10x_hd.o(.text)
    CAN1_RX1_IRQHandler                      0x080003d3   Thumb Code     0  startup_stm32f10x_hd.o(.text)
    CAN1_SCE_IRQHandler                      0x080003d3   Thumb Code     0  startup_stm32f10x_hd.o(.text)
    DMA1_Channel1_IRQHandler                 0x080003d3   Thumb Code     0  startup_stm32f10x_hd.o(.text)
    DMA1_Channel2_IRQHandler                 0x080003d3   Thumb Code     0  startup_stm32f10x_hd.o(.text)
    DMA1_Channel3_IRQHandler                 0x080003d3   Thumb Code     0  startup_stm32f10x_hd.o(.text)
    DMA1_Channel4_IRQHandler                 0x080003d3   Thumb Code     0  startup_stm32f10x_hd.o(.text)
    DMA1_Channel5_IRQHandler                 0x080003d3   Thumb Code     0  startup_stm32f10x_hd.o(.text)
    DMA1_Channel6_IRQHandler                 0x080003d3   Thumb Code     0  startup_stm32f10x_hd.o(.text)
    DMA1_Channel7_IRQHandler                 0x080003d3   Thumb Code     0  startup_stm32f10x_hd.o(.text)
    DMA2_Channel1_IRQHandler                 0x080003d3   Thumb Code     0  startup_stm32f10x_hd.o(.text)
    DMA2_Channel2_IRQHandler                 0x080003d3   Thumb Code     0  startup_stm32f10x_hd.o(.text)
    DMA2_Channel3_IRQHandler                 0x080003d3   Thumb Code     0  startup_stm32f10x_hd.o(.text)
    DMA2_Channel4_5_IRQHandler               0x080003d3   Thumb Code     0  startup_stm32f10x_hd.o(.text)
    EXTI0_IRQHandler                         0x080003d3   Thumb Code     0  startup_stm32f10x_hd.o(.text)
    EXTI15_10_IRQHandler                     0x080003d3   Thumb Code     0  startup_stm32f10x_hd.o(.text)
    EXTI1_IRQHandler                         0x080003d3   Thumb Code     0  startup_stm32f10x_hd.o(.text)
    EXTI2_IRQHandler                         0x080003d3   Thumb Code     0  startup_stm32f10x_hd.o(.text)
    EXTI3_IRQHandler                         0x080003d3   Thumb Code     0  startup_stm32f10x_hd.o(.text)
    EXTI4_IRQHandler                         0x080003d3   Thumb Code     0  startup_stm32f10x_hd.o(.text)
    EXTI9_5_IRQHandler                       0x080003d3   Thumb Code     0  startup_stm32f10x_hd.o(.text)
    FLASH_IRQHandler                         0x080003d3   Thumb Code     0  startup_stm32f10x_hd.o(.text)
    FSMC_IRQHandler                          0x080003d3   Thumb Code     0  startup_stm32f10x_hd.o(.text)
    I2C1_ER_IRQHandler                       0x080003d3   Thumb Code     0  startup_stm32f10x_hd.o(.text)
    I2C1_EV_IRQHandler                       0x080003d3   Thumb Code     0  startup_stm32f10x_hd.o(.text)
    I2C2_ER_IRQHandler                       0x080003d3   Thumb Code     0  startup_stm32f10x_hd.o(.text)
    I2C2_EV_IRQHandler                       0x080003d3   Thumb Code     0  startup_stm32f10x_hd.o(.text)
    PVD_IRQHandler                           0x080003d3   Thumb Code     0  startup_stm32f10x_hd.o(.text)
    RCC_IRQHandler                           0x080003d3   Thumb Code     0  startup_stm32f10x_hd.o(.text)
    RTCAlarm_IRQHandler                      0x080003d3   Thumb Code     0  startup_stm32f10x_hd.o(.text)
    RTC_IRQHandler                           0x080003d3   Thumb Code     0  startup_stm32f10x_hd.o(.text)
    SDIO_IRQHandler                          0x080003d3   Thumb Code     0  startup_stm32f10x_hd.o(.text)
    SPI1_IRQHandler                          0x080003d3   Thumb Code     0  startup_stm32f10x_hd.o(.text)
    SPI2_IRQHandler                          0x080003d3   Thumb Code     0  startup_stm32f10x_hd.o(.text)
    SPI3_IRQHandler                          0x080003d3   Thumb Code     0  startup_stm32f10x_hd.o(.text)
    TAMPER_IRQHandler                        0x080003d3   Thumb Code     0  startup_stm32f10x_hd.o(.text)
    TIM1_BRK_IRQHandler                      0x080003d3   Thumb Code     0  startup_stm32f10x_hd.o(.text)
    TIM1_CC_IRQHandler                       0x080003d3   Thumb Code     0  startup_stm32f10x_hd.o(.text)
    TIM1_TRG_COM_IRQHandler                  0x080003d3   Thumb Code     0  startup_stm32f10x_hd.o(.text)
    TIM1_UP_IRQHandler                       0x080003d3   Thumb Code     0  startup_stm32f10x_hd.o(.text)
    TIM5_IRQHandler                          0x080003d3   Thumb Code     0  startup_stm32f10x_hd.o(.text)
    TIM6_IRQHandler                          0x080003d3   Thumb Code     0  startup_stm32f10x_hd.o(.text)
    TIM7_IRQHandler                          0x080003d3   Thumb Code     0  startup_stm32f10x_hd.o(.text)
    TIM8_BRK_IRQHandler                      0x080003d3   Thumb Code     0  startup_stm32f10x_hd.o(.text)
    TIM8_CC_IRQHandler                       0x080003d3   Thumb Code     0  startup_stm32f10x_hd.o(.text)
    TIM8_TRG_COM_IRQHandler                  0x080003d3   Thumb Code     0  startup_stm32f10x_hd.o(.text)
    TIM8_UP_IRQHandler                       0x080003d3   Thumb Code     0  startup_stm32f10x_hd.o(.text)
    USART2_IRQHandler                        0x080003d3   Thumb Code     0  startup_stm32f10x_hd.o(.text)
    USBWakeUp_IRQHandler                     0x080003d3   Thumb Code     0  startup_stm32f10x_hd.o(.text)
    USB_HP_CAN1_TX_IRQHandler                0x080003d3   Thumb Code     0  startup_stm32f10x_hd.o(.text)
    USB_LP_CAN1_RX0_IRQHandler               0x080003d3   Thumb Code     0  startup_stm32f10x_hd.o(.text)
    WWDG_IRQHandler                          0x080003d3   Thumb Code     0  startup_stm32f10x_hd.o(.text)
    NVIC_PriorityGroupConfig                 0x080003dd   Thumb Code    10  misc.o(.text)
    NVIC_Init                                0x080003e7   Thumb Code   102  misc.o(.text)
    NVIC_SetVectorTable                      0x0800044d   Thumb Code    14  misc.o(.text)
    NVIC_SystemLPConfig                      0x0800045b   Thumb Code    34  misc.o(.text)
    SysTick_CLKSourceConfig                  0x0800047d   Thumb Code    40  misc.o(.text)
    ADC_DeInit                               0x080004b9   Thumb Code    78  stm32f10x_adc.o(.text)
    ADC_Init                                 0x08000507   Thumb Code    70  stm32f10x_adc.o(.text)
    ADC_StructInit                           0x0800054d   Thumb Code    18  stm32f10x_adc.o(.text)
    ADC_Cmd                                  0x0800055f   Thumb Code    22  stm32f10x_adc.o(.text)
    ADC_DMACmd                               0x08000575   Thumb Code    22  stm32f10x_adc.o(.text)
    ADC_ITConfig                             0x0800058b   Thumb Code    24  stm32f10x_adc.o(.text)
    ADC_ResetCalibration                     0x080005a3   Thumb Code    10  stm32f10x_adc.o(.text)
    ADC_GetResetCalibrationStatus            0x080005ad   Thumb Code    20  stm32f10x_adc.o(.text)
    ADC_StartCalibration                     0x080005c1   Thumb Code    10  stm32f10x_adc.o(.text)
    ADC_GetCalibrationStatus                 0x080005cb   Thumb Code    20  stm32f10x_adc.o(.text)
    ADC_SoftwareStartConvCmd                 0x080005df   Thumb Code    22  stm32f10x_adc.o(.text)
    ADC_GetSoftwareStartConvStatus           0x080005f5   Thumb Code    20  stm32f10x_adc.o(.text)
    ADC_DiscModeChannelCountConfig           0x08000609   Thumb Code    24  stm32f10x_adc.o(.text)
    ADC_DiscModeCmd                          0x08000621   Thumb Code    22  stm32f10x_adc.o(.text)
    ADC_RegularChannelConfig                 0x08000637   Thumb Code   184  stm32f10x_adc.o(.text)
    ADC_ExternalTrigConvCmd                  0x080006ef   Thumb Code    22  stm32f10x_adc.o(.text)
    ADC_GetConversionValue                   0x08000705   Thumb Code     8  stm32f10x_adc.o(.text)
    ADC_GetDualModeConversionValue           0x0800070d   Thumb Code     8  stm32f10x_adc.o(.text)
    ADC_AutoInjectedConvCmd                  0x08000715   Thumb Code    22  stm32f10x_adc.o(.text)
    ADC_InjectedDiscModeCmd                  0x0800072b   Thumb Code    22  stm32f10x_adc.o(.text)
    ADC_ExternalTrigInjectedConvConfig       0x08000741   Thumb Code    16  stm32f10x_adc.o(.text)
    ADC_ExternalTrigInjectedConvCmd          0x08000751   Thumb Code    22  stm32f10x_adc.o(.text)
    ADC_SoftwareStartInjectedConvCmd         0x08000767   Thumb Code    22  stm32f10x_adc.o(.text)
    ADC_GetSoftwareStartInjectedConvCmdStatus 0x0800077d   Thumb Code    20  stm32f10x_adc.o(.text)
    ADC_InjectedChannelConfig                0x08000791   Thumb Code   130  stm32f10x_adc.o(.text)
    ADC_InjectedSequencerLengthConfig        0x08000813   Thumb Code    24  stm32f10x_adc.o(.text)
    ADC_SetInjectedOffset                    0x0800082b   Thumb Code    20  stm32f10x_adc.o(.text)
    ADC_GetInjectedConversionValue           0x0800083f   Thumb Code    28  stm32f10x_adc.o(.text)
    ADC_AnalogWatchdogCmd                    0x0800085b   Thumb Code    16  stm32f10x_adc.o(.text)
    ADC_AnalogWatchdogThresholdsConfig       0x0800086b   Thumb Code     6  stm32f10x_adc.o(.text)
    ADC_AnalogWatchdogSingleChannelConfig    0x08000871   Thumb Code    16  stm32f10x_adc.o(.text)
    ADC_TempSensorVrefintCmd                 0x08000881   Thumb Code    64  stm32f10x_adc.o(.text)
    ADC_GetFlagStatus                        0x080008c1   Thumb Code    18  stm32f10x_adc.o(.text)
    ADC_ClearFlag                            0x080008d3   Thumb Code     6  stm32f10x_adc.o(.text)
    ADC_GetITStatus                          0x080008d9   Thumb Code    36  stm32f10x_adc.o(.text)
    ADC_ClearITPendingBit                    0x080008fd   Thumb Code    10  stm32f10x_adc.o(.text)
    DMA_DeInit                               0x08000909   Thumb Code   324  stm32f10x_dma.o(.text)
    DMA_Init                                 0x08000a4d   Thumb Code    60  stm32f10x_dma.o(.text)
    DMA_StructInit                           0x08000a89   Thumb Code    26  stm32f10x_dma.o(.text)
    DMA_Cmd                                  0x08000aa3   Thumb Code    24  stm32f10x_dma.o(.text)
    DMA_ITConfig                             0x08000abb   Thumb Code    18  stm32f10x_dma.o(.text)
    DMA_SetCurrDataCounter                   0x08000acd   Thumb Code     4  stm32f10x_dma.o(.text)
    DMA_GetCurrDataCounter                   0x08000ad1   Thumb Code     8  stm32f10x_dma.o(.text)
    DMA_GetFlagStatus                        0x08000ad9   Thumb Code    38  stm32f10x_dma.o(.text)
    DMA_ClearFlag                            0x08000aff   Thumb Code    22  stm32f10x_dma.o(.text)
    DMA_GetITStatus                          0x08000b15   Thumb Code    38  stm32f10x_dma.o(.text)
    DMA_ClearITPendingBit                    0x08000b3b   Thumb Code    22  stm32f10x_dma.o(.text)
    FLASH_SetLatency                         0x08000b59   Thumb Code    18  stm32f10x_flash.o(.text)
    FLASH_HalfCycleAccessCmd                 0x08000b6b   Thumb Code    22  stm32f10x_flash.o(.text)
    FLASH_PrefetchBufferCmd                  0x08000b81   Thumb Code    22  stm32f10x_flash.o(.text)
    FLASH_Unlock                             0x08000b97   Thumb Code    12  stm32f10x_flash.o(.text)
    FLASH_UnlockBank1                        0x08000ba3   Thumb Code    12  stm32f10x_flash.o(.text)
    FLASH_Lock                               0x08000baf   Thumb Code    14  stm32f10x_flash.o(.text)
    FLASH_LockBank1                          0x08000bbd   Thumb Code    14  stm32f10x_flash.o(.text)
    FLASH_GetBank1Status                     0x08000bcb   Thumb Code    48  stm32f10x_flash.o(.text)
    FLASH_WaitForLastOperation               0x08000bfb   Thumb Code    38  stm32f10x_flash.o(.text)
    FLASH_ErasePage                          0x08000c21   Thumb Code    72  stm32f10x_flash.o(.text)
    FLASH_EraseAllPages                      0x08000c69   Thumb Code    68  stm32f10x_flash.o(.text)
    FLASH_WaitForLastBank1Operation          0x08000cad   Thumb Code    38  stm32f10x_flash.o(.text)
    FLASH_EraseAllBank1Pages                 0x08000cd3   Thumb Code    68  stm32f10x_flash.o(.text)
    FLASH_GetReadOutProtectionStatus         0x08000d17   Thumb Code    20  stm32f10x_flash.o(.text)
    FLASH_EraseOptionBytes                   0x08000d2b   Thumb Code   150  stm32f10x_flash.o(.text)
    FLASH_ProgramWord                        0x08000dc1   Thumb Code   102  stm32f10x_flash.o(.text)
    FLASH_ProgramHalfWord                    0x08000e27   Thumb Code    60  stm32f10x_flash.o(.text)
    FLASH_ProgramOptionByteData              0x08000e63   Thumb Code    72  stm32f10x_flash.o(.text)
    FLASH_EnableWriteProtection              0x08000eab   Thumb Code   200  stm32f10x_flash.o(.text)
    FLASH_ReadOutProtection                  0x08000f73   Thumb Code   156  stm32f10x_flash.o(.text)
    FLASH_UserOptionByteConfig               0x0800100f   Thumb Code    88  stm32f10x_flash.o(.text)
    FLASH_GetUserOptionByte                  0x08001067   Thumb Code     8  stm32f10x_flash.o(.text)
    FLASH_GetWriteProtectionOptionByte       0x0800106f   Thumb Code     6  stm32f10x_flash.o(.text)
    FLASH_GetPrefetchBufferStatus            0x08001075   Thumb Code    20  stm32f10x_flash.o(.text)
    FLASH_ITConfig                           0x08001089   Thumb Code    26  stm32f10x_flash.o(.text)
    FLASH_GetFlagStatus                      0x080010a3   Thumb Code    42  stm32f10x_flash.o(.text)
    FLASH_ClearFlag                          0x080010cd   Thumb Code     6  stm32f10x_flash.o(.text)
    FLASH_GetStatus                          0x080010d3   Thumb Code    48  stm32f10x_flash.o(.text)
    GPIO_DeInit                              0x08001115   Thumb Code   172  stm32f10x_gpio.o(.text)
    GPIO_AFIODeInit                          0x080011c1   Thumb Code    20  stm32f10x_gpio.o(.text)
    GPIO_Init                                0x080011d5   Thumb Code   274  stm32f10x_gpio.o(.text)
    GPIO_StructInit                          0x080012e7   Thumb Code    16  stm32f10x_gpio.o(.text)
    GPIO_ReadInputDataBit                    0x080012f7   Thumb Code    18  stm32f10x_gpio.o(.text)
    GPIO_ReadInputData                       0x08001309   Thumb Code     8  stm32f10x_gpio.o(.text)
    GPIO_ReadOutputDataBit                   0x08001311   Thumb Code    18  stm32f10x_gpio.o(.text)
    GPIO_ReadOutputData                      0x08001323   Thumb Code     8  stm32f10x_gpio.o(.text)
    GPIO_SetBits                             0x0800132b   Thumb Code     4  stm32f10x_gpio.o(.text)
    GPIO_ResetBits                           0x0800132f   Thumb Code     4  stm32f10x_gpio.o(.text)
    GPIO_WriteBit                            0x08001333   Thumb Code    10  stm32f10x_gpio.o(.text)
    GPIO_Write                               0x0800133d   Thumb Code     4  stm32f10x_gpio.o(.text)
    GPIO_PinLockConfig                       0x08001341   Thumb Code    18  stm32f10x_gpio.o(.text)
    GPIO_EventOutputConfig                   0x08001353   Thumb Code    26  stm32f10x_gpio.o(.text)
    GPIO_EventOutputCmd                      0x0800136d   Thumb Code     6  stm32f10x_gpio.o(.text)
    GPIO_PinRemapConfig                      0x08001373   Thumb Code   138  stm32f10x_gpio.o(.text)
    GPIO_EXTILineConfig                      0x080013fd   Thumb Code    66  stm32f10x_gpio.o(.text)
    GPIO_ETH_MediaInterfaceConfig            0x0800143f   Thumb Code     6  stm32f10x_gpio.o(.text)
    IWDG_WriteAccessCmd                      0x0800146d   Thumb Code     6  stm32f10x_iwdg.o(.text)
    IWDG_SetPrescaler                        0x08001473   Thumb Code     6  stm32f10x_iwdg.o(.text)
    IWDG_SetReload                           0x08001479   Thumb Code     6  stm32f10x_iwdg.o(.text)
    IWDG_ReloadCounter                       0x0800147f   Thumb Code    10  stm32f10x_iwdg.o(.text)
    IWDG_Enable                              0x08001489   Thumb Code    10  stm32f10x_iwdg.o(.text)
    IWDG_GetFlagStatus                       0x08001493   Thumb Code    20  stm32f10x_iwdg.o(.text)
    RCC_DeInit                               0x080014ad   Thumb Code    64  stm32f10x_rcc.o(.text)
    RCC_HSEConfig                            0x080014ed   Thumb Code    70  stm32f10x_rcc.o(.text)
    RCC_GetFlagStatus                        0x08001533   Thumb Code    56  stm32f10x_rcc.o(.text)
    RCC_WaitForHSEStartUp                    0x0800156b   Thumb Code    56  stm32f10x_rcc.o(.text)
    RCC_AdjustHSICalibrationValue            0x080015a3   Thumb Code    20  stm32f10x_rcc.o(.text)
    RCC_HSICmd                               0x080015b7   Thumb Code     6  stm32f10x_rcc.o(.text)
    RCC_PLLConfig                            0x080015bd   Thumb Code    24  stm32f10x_rcc.o(.text)
    RCC_PLLCmd                               0x080015d5   Thumb Code     6  stm32f10x_rcc.o(.text)
    RCC_SYSCLKConfig                         0x080015db   Thumb Code    18  stm32f10x_rcc.o(.text)
    RCC_GetSYSCLKSource                      0x080015ed   Thumb Code    10  stm32f10x_rcc.o(.text)
    RCC_HCLKConfig                           0x080015f7   Thumb Code    18  stm32f10x_rcc.o(.text)
    RCC_PCLK1Config                          0x08001609   Thumb Code    18  stm32f10x_rcc.o(.text)
    RCC_PCLK2Config                          0x0800161b   Thumb Code    20  stm32f10x_rcc.o(.text)
    RCC_ITConfig                             0x0800162f   Thumb Code    26  stm32f10x_rcc.o(.text)
    RCC_USBCLKConfig                         0x08001649   Thumb Code     6  stm32f10x_rcc.o(.text)
    RCC_ADCCLKConfig                         0x0800164f   Thumb Code    18  stm32f10x_rcc.o(.text)
    RCC_LSEConfig                            0x08001661   Thumb Code    44  stm32f10x_rcc.o(.text)
    RCC_LSICmd                               0x0800168d   Thumb Code     6  stm32f10x_rcc.o(.text)
    RCC_RTCCLKConfig                         0x08001693   Thumb Code    12  stm32f10x_rcc.o(.text)
    RCC_RTCCLKCmd                            0x0800169f   Thumb Code     8  stm32f10x_rcc.o(.text)
    RCC_GetClocksFreq                        0x080016a7   Thumb Code   192  stm32f10x_rcc.o(.text)
    RCC_AHBPeriphClockCmd                    0x08001767   Thumb Code    26  stm32f10x_rcc.o(.text)
    RCC_APB2PeriphClockCmd                   0x08001781   Thumb Code    26  stm32f10x_rcc.o(.text)
    RCC_APB1PeriphClockCmd                   0x0800179b   Thumb Code    26  stm32f10x_rcc.o(.text)
    RCC_APB2PeriphResetCmd                   0x080017b5   Thumb Code    26  stm32f10x_rcc.o(.text)
    RCC_APB1PeriphResetCmd                   0x080017cf   Thumb Code    26  stm32f10x_rcc.o(.text)
    RCC_BackupResetCmd                       0x080017e9   Thumb Code     8  stm32f10x_rcc.o(.text)
    RCC_ClockSecuritySystemCmd               0x080017f1   Thumb Code     6  stm32f10x_rcc.o(.text)
    RCC_MCOConfig                            0x080017f7   Thumb Code     6  stm32f10x_rcc.o(.text)
    RCC_ClearFlag                            0x080017fd   Thumb Code    14  stm32f10x_rcc.o(.text)
    RCC_GetITStatus                          0x0800180b   Thumb Code    20  stm32f10x_rcc.o(.text)
    RCC_ClearITPendingBit                    0x0800181f   Thumb Code     6  stm32f10x_rcc.o(.text)
    TIM_DeInit                               0x08001851   Thumb Code   424  stm32f10x_tim.o(.text)
    TIM_TimeBaseInit                         0x080019f9   Thumb Code   122  stm32f10x_tim.o(.text)
    TIM_OC1Init                              0x08001a73   Thumb Code   132  stm32f10x_tim.o(.text)
    TIM_OC2Init                              0x08001af7   Thumb Code   154  stm32f10x_tim.o(.text)
    TIM_OC3Init                              0x08001b91   Thumb Code   150  stm32f10x_tim.o(.text)
    TIM_OC4Init                              0x08001c27   Thumb Code   182  stm32f10x_tim.o(.text)
    TIM_SetIC4Prescaler                      0x08001cdd   Thumb Code    26  stm32f10x_tim.o(.text)
    TIM_SetIC3Prescaler                      0x08001d79   Thumb Code    18  stm32f10x_tim.o(.text)
    TIM_SetIC2Prescaler                      0x08001e05   Thumb Code    26  stm32f10x_tim.o(.text)
    TIM_SetIC1Prescaler                      0x08001ea1   Thumb Code    18  stm32f10x_tim.o(.text)
    TIM_ICInit                               0x08001f1f   Thumb Code   150  stm32f10x_tim.o(.text)
    TIM_PWMIConfig                           0x08001fb5   Thumb Code   124  stm32f10x_tim.o(.text)
    TIM_BDTRConfig                           0x08002031   Thumb Code    32  stm32f10x_tim.o(.text)
    TIM_TimeBaseStructInit                   0x08002051   Thumb Code    18  stm32f10x_tim.o(.text)
    TIM_OCStructInit                         0x08002063   Thumb Code    20  stm32f10x_tim.o(.text)
    TIM_ICStructInit                         0x08002077   Thumb Code    18  stm32f10x_tim.o(.text)
    TIM_BDTRStructInit                       0x08002089   Thumb Code    40  stm32f10x_tim.o(.text)
    TIM_Cmd                                  0x080020b1   Thumb Code    24  stm32f10x_tim.o(.text)
    TIM_CtrlPWMOutputs                       0x080020c9   Thumb Code    30  stm32f10x_tim.o(.text)
    TIM_ITConfig                             0x080020e7   Thumb Code    18  stm32f10x_tim.o(.text)
    TIM_GenerateEvent                        0x080020f9   Thumb Code     4  stm32f10x_tim.o(.text)
    TIM_DMAConfig                            0x080020fd   Thumb Code    10  stm32f10x_tim.o(.text)
    TIM_DMACmd                               0x08002107   Thumb Code    18  stm32f10x_tim.o(.text)
    TIM_InternalClockConfig                  0x08002119   Thumb Code    12  stm32f10x_tim.o(.text)
    TIM_SelectInputTrigger                   0x08002125   Thumb Code    18  stm32f10x_tim.o(.text)
    TIM_ITRxExternalClockConfig              0x08002137   Thumb Code    24  stm32f10x_tim.o(.text)
    TIM_TIxExternalClockConfig               0x0800214f   Thumb Code    62  stm32f10x_tim.o(.text)
    TIM_ETRConfig                            0x0800218d   Thumb Code    28  stm32f10x_tim.o(.text)
    TIM_ETRClockMode1Config                  0x080021a9   Thumb Code    54  stm32f10x_tim.o(.text)
    TIM_ETRClockMode2Config                  0x080021df   Thumb Code    32  stm32f10x_tim.o(.text)
    TIM_PrescalerConfig                      0x080021ff   Thumb Code     6  stm32f10x_tim.o(.text)
    TIM_CounterModeConfig                    0x08002205   Thumb Code    18  stm32f10x_tim.o(.text)
    TIM_EncoderInterfaceConfig               0x08002217   Thumb Code    66  stm32f10x_tim.o(.text)
    TIM_ForcedOC1Config                      0x08002259   Thumb Code    18  stm32f10x_tim.o(.text)
    TIM_ForcedOC2Config                      0x0800226b   Thumb Code    26  stm32f10x_tim.o(.text)
    TIM_ForcedOC3Config                      0x08002285   Thumb Code    18  stm32f10x_tim.o(.text)
    TIM_ForcedOC4Config                      0x08002297   Thumb Code    26  stm32f10x_tim.o(.text)
    TIM_ARRPreloadConfig                     0x080022b1   Thumb Code    24  stm32f10x_tim.o(.text)
    TIM_SelectCOM                            0x080022c9   Thumb Code    24  stm32f10x_tim.o(.text)
    TIM_SelectCCDMA                          0x080022e1   Thumb Code    24  stm32f10x_tim.o(.text)
    TIM_CCPreloadControl                     0x080022f9   Thumb Code    24  stm32f10x_tim.o(.text)
    TIM_OC1PreloadConfig                     0x08002311   Thumb Code    18  stm32f10x_tim.o(.text)
    TIM_OC2PreloadConfig                     0x08002323   Thumb Code    26  stm32f10x_tim.o(.text)
    TIM_OC3PreloadConfig                     0x0800233d   Thumb Code    18  stm32f10x_tim.o(.text)
    TIM_OC4PreloadConfig                     0x0800234f   Thumb Code    26  stm32f10x_tim.o(.text)
    TIM_OC1FastConfig                        0x08002369   Thumb Code    18  stm32f10x_tim.o(.text)
    TIM_OC2FastConfig                        0x0800237b   Thumb Code    26  stm32f10x_tim.o(.text)
    TIM_OC3FastConfig                        0x08002395   Thumb Code    18  stm32f10x_tim.o(.text)
    TIM_OC4FastConfig                        0x080023a7   Thumb Code    26  stm32f10x_tim.o(.text)
    TIM_ClearOC1Ref                          0x080023c1   Thumb Code    18  stm32f10x_tim.o(.text)
    TIM_ClearOC2Ref                          0x080023d3   Thumb Code    24  stm32f10x_tim.o(.text)
    TIM_ClearOC3Ref                          0x080023eb   Thumb Code    18  stm32f10x_tim.o(.text)
    TIM_ClearOC4Ref                          0x080023fd   Thumb Code    24  stm32f10x_tim.o(.text)
    TIM_OC1PolarityConfig                    0x08002415   Thumb Code    18  stm32f10x_tim.o(.text)
    TIM_OC1NPolarityConfig                   0x08002427   Thumb Code    18  stm32f10x_tim.o(.text)
    TIM_OC2PolarityConfig                    0x08002439   Thumb Code    26  stm32f10x_tim.o(.text)
    TIM_OC2NPolarityConfig                   0x08002453   Thumb Code    26  stm32f10x_tim.o(.text)
    TIM_OC3PolarityConfig                    0x0800246d   Thumb Code    26  stm32f10x_tim.o(.text)
    TIM_OC3NPolarityConfig                   0x08002487   Thumb Code    26  stm32f10x_tim.o(.text)
    TIM_OC4PolarityConfig                    0x080024a1   Thumb Code    26  stm32f10x_tim.o(.text)
    TIM_CCxCmd                               0x080024bb   Thumb Code    30  stm32f10x_tim.o(.text)
    TIM_CCxNCmd                              0x080024d9   Thumb Code    30  stm32f10x_tim.o(.text)
    TIM_SelectOCxM                           0x080024f7   Thumb Code    82  stm32f10x_tim.o(.text)
    TIM_UpdateDisableConfig                  0x08002549   Thumb Code    24  stm32f10x_tim.o(.text)
    TIM_UpdateRequestConfig                  0x08002561   Thumb Code    24  stm32f10x_tim.o(.text)
    TIM_SelectHallSensor                     0x08002579   Thumb Code    24  stm32f10x_tim.o(.text)
    TIM_SelectOnePulseMode                   0x08002591   Thumb Code    18  stm32f10x_tim.o(.text)
    TIM_SelectOutputTrigger                  0x080025a3   Thumb Code    18  stm32f10x_tim.o(.text)
    TIM_SelectSlaveMode                      0x080025b5   Thumb Code    18  stm32f10x_tim.o(.text)
    TIM_SelectMasterSlaveMode                0x080025c7   Thumb Code    18  stm32f10x_tim.o(.text)
    TIM_SetCounter                           0x080025d9   Thumb Code     4  stm32f10x_tim.o(.text)
    TIM_SetAutoreload                        0x080025dd   Thumb Code     4  stm32f10x_tim.o(.text)
    TIM_SetCompare1                          0x080025e1   Thumb Code     4  stm32f10x_tim.o(.text)
    TIM_SetCompare2                          0x080025e5   Thumb Code     4  stm32f10x_tim.o(.text)
    TIM_SetCompare3                          0x080025e9   Thumb Code     4  stm32f10x_tim.o(.text)
    TIM_SetCompare4                          0x080025ed   Thumb Code     6  stm32f10x_tim.o(.text)
    TIM_SetClockDivision                     0x080025f3   Thumb Code    18  stm32f10x_tim.o(.text)
    TIM_GetCapture1                          0x08002605   Thumb Code     6  stm32f10x_tim.o(.text)
    TIM_GetCapture2                          0x0800260b   Thumb Code     6  stm32f10x_tim.o(.text)
    TIM_GetCapture3                          0x08002611   Thumb Code     6  stm32f10x_tim.o(.text)
    TIM_GetCapture4                          0x08002617   Thumb Code     8  stm32f10x_tim.o(.text)
    TIM_GetCounter                           0x0800261f   Thumb Code     6  stm32f10x_tim.o(.text)
    TIM_GetPrescaler                         0x08002625   Thumb Code     6  stm32f10x_tim.o(.text)
    TIM_GetFlagStatus                        0x0800262b   Thumb Code    18  stm32f10x_tim.o(.text)
    TIM_ClearFlag                            0x0800263d   Thumb Code     6  stm32f10x_tim.o(.text)
    TIM_GetITStatus                          0x08002643   Thumb Code    34  stm32f10x_tim.o(.text)
    TIM_ClearITPendingBit                    0x08002665   Thumb Code     6  stm32f10x_tim.o(.text)
    USART_DeInit                             0x0800266d   Thumb Code   134  stm32f10x_usart.o(.text)
    USART_Init                               0x080026f3   Thumb Code   210  stm32f10x_usart.o(.text)
    USART_StructInit                         0x080027c5   Thumb Code    24  stm32f10x_usart.o(.text)
    USART_ClockInit                          0x080027dd   Thumb Code    34  stm32f10x_usart.o(.text)
    USART_ClockStructInit                    0x080027ff   Thumb Code    12  stm32f10x_usart.o(.text)
    USART_Cmd                                0x0800280b   Thumb Code    24  stm32f10x_usart.o(.text)
    USART_ITConfig                           0x08002823   Thumb Code    74  stm32f10x_usart.o(.text)
    USART_DMACmd                             0x0800286d   Thumb Code    18  stm32f10x_usart.o(.text)
    USART_SetAddress                         0x0800287f   Thumb Code    18  stm32f10x_usart.o(.text)
    USART_WakeUpConfig                       0x08002891   Thumb Code    18  stm32f10x_usart.o(.text)
    USART_ReceiverWakeUpCmd                  0x080028a3   Thumb Code    24  stm32f10x_usart.o(.text)
    USART_LINBreakDetectLengthConfig         0x080028bb   Thumb Code    18  stm32f10x_usart.o(.text)
    USART_LINCmd                             0x080028cd   Thumb Code    24  stm32f10x_usart.o(.text)
    USART_SendData                           0x080028e5   Thumb Code     8  stm32f10x_usart.o(.text)
    USART_ReceiveData                        0x080028ed   Thumb Code    10  stm32f10x_usart.o(.text)
    USART_SendBreak                          0x080028f7   Thumb Code    10  stm32f10x_usart.o(.text)
    USART_SetGuardTime                       0x08002901   Thumb Code    16  stm32f10x_usart.o(.text)
    USART_SetPrescaler                       0x08002911   Thumb Code    16  stm32f10x_usart.o(.text)
    USART_SmartCardCmd                       0x08002921   Thumb Code    24  stm32f10x_usart.o(.text)
    USART_SmartCardNACKCmd                   0x08002939   Thumb Code    24  stm32f10x_usart.o(.text)
    USART_HalfDuplexCmd                      0x08002951   Thumb Code    24  stm32f10x_usart.o(.text)
    USART_OverSampling8Cmd                   0x08002969   Thumb Code    22  stm32f10x_usart.o(.text)
    USART_OneBitMethodCmd                    0x0800297f   Thumb Code    24  stm32f10x_usart.o(.text)
    USART_IrDAConfig                         0x08002997   Thumb Code    18  stm32f10x_usart.o(.text)
    USART_IrDACmd                            0x080029a9   Thumb Code    24  stm32f10x_usart.o(.text)
    USART_GetFlagStatus                      0x080029c1   Thumb Code    26  stm32f10x_usart.o(.text)
    USART_ClearFlag                          0x080029db   Thumb Code    18  stm32f10x_usart.o(.text)
    USART_GetITStatus                        0x080029ed   Thumb Code    84  stm32f10x_usart.o(.text)
    USART_ClearITPendingBit                  0x08002a41   Thumb Code    52  stm32f10x_usart.o(.text)
    pxPortInitialiseStack                    0x08002a8b   Thumb Code    30  port.o(.text)
    vPortSetupTimerInterrupt                 0x08002aa9   Thumb Code    20  port.o(.text)
    xPortStartScheduler                      0x08002abd   Thumb Code    42  port.o(.text)
    vPortEndScheduler                        0x08002ae7   Thumb Code     2  port.o(.text)
    vPortEnterCritical                       0x08002ae9   Thumb Code    30  port.o(.text)
    vPortExitCritical                        0x08002b07   Thumb Code    28  port.o(.text)
    SysTick_Handler                          0x08002b23   Thumb Code    48  port.o(.text)
    pvPortMalloc                             0x08002b8f   Thumb Code   166  heap_2.o(.text)
    vPortFree                                0x08002c35   Thumb Code    56  heap_2.o(.text)
    xPortGetFreeHeapSize                     0x08002c6d   Thumb Code     6  heap_2.o(.text)
    vPortInitialiseBlocks                    0x08002c73   Thumb Code     2  heap_2.o(.text)
    vListInitialise                          0x08002c89   Thumb Code    26  list.o(.text)
    vListInitialiseItem                      0x08002ca3   Thumb Code     6  list.o(.text)
    vListInsertEnd                           0x08002ca9   Thumb Code    24  list.o(.text)
    vListInsert                              0x08002cc1   Thumb Code    52  list.o(.text)
    uxListRemove                             0x08002cf5   Thumb Code    40  list.o(.text)
    xTaskCreate                              0x08002e83   Thumb Code    96  tasks.o(.text)
    vTaskDelete                              0x08002f1f   Thumb Code   166  tasks.o(.text)
    xTaskIncrementTick                       0x08002fc5   Thumb Code   252  tasks.o(.text)
    xTaskResumeAll                           0x080030c1   Thumb Code   282  tasks.o(.text)
    vTaskSuspendAll                          0x08003257   Thumb Code    12  tasks.o(.text)
    vTaskDelayUntil                          0x08003263   Thumb Code   106  tasks.o(.text)
    vTaskDelay                               0x080032cd   Thumb Code    46  tasks.o(.text)
    uxTaskPriorityGet                        0x080032fb   Thumb Code    30  tasks.o(.text)
    uxTaskPriorityGetFromISR                 0x08003319   Thumb Code    52  tasks.o(.text)
    vTaskPrioritySet                         0x0800334d   Thumb Code   216  tasks.o(.text)
    vTaskSwitchContext                       0x08003425   Thumb Code    76  tasks.o(.text)
    vTaskSuspend                             0x08003471   Thumb Code   174  tasks.o(.text)
    vTaskResume                              0x08003595   Thumb Code   104  tasks.o(.text)
    xTaskResumeFromISR                       0x080035fd   Thumb Code   130  tasks.o(.text)
    vTaskStartScheduler                      0x080036db   Thumb Code    72  tasks.o(.text)
    vTaskEndScheduler                        0x08003723   Thumb Code    32  tasks.o(.text)
    xTaskGetTickCount                        0x08003743   Thumb Code     6  tasks.o(.text)
    xTaskGetTickCountFromISR                 0x08003749   Thumb Code     8  tasks.o(.text)
    uxTaskGetNumberOfTasks                   0x08003751   Thumb Code     6  tasks.o(.text)
    pcTaskGetName                            0x08003757   Thumb Code    20  tasks.o(.text)
    vTaskPlaceOnEventList                    0x0800376b   Thumb Code    28  tasks.o(.text)
    vTaskPlaceOnUnorderedEventList           0x08003787   Thumb Code    40  tasks.o(.text)
    xTaskRemoveFromEventList                 0x080037af   Thumb Code   104  tasks.o(.text)
    vTaskRemoveFromUnorderedEventList        0x08003817   Thumb Code    82  tasks.o(.text)
    vTaskSetTimeOutState                     0x08003869   Thumb Code    26  tasks.o(.text)
    vTaskInternalSetTimeOutState             0x08003883   Thumb Code    14  tasks.o(.text)
    xTaskCheckForTimeOut                     0x08003891   Thumb Code    84  tasks.o(.text)
    vTaskMissedYield                         0x080038e5   Thumb Code     8  tasks.o(.text)
    uxTaskResetEventItemValue                0x080038ed   Thumb Code    24  tasks.o(.text)
    ulTaskNotifyTake                         0x08003905   Thumb Code   108  tasks.o(.text)
    xTaskNotifyWait                          0x08003971   Thumb Code   226  tasks.o(.text)
    xTaskGenericNotify                       0x08003a53   Thumb Code   180  tasks.o(.text)
    xTaskGenericNotifyFromISR                0x08003b07   Thumb Code   228  tasks.o(.text)
    vTaskNotifyGiveFromISR                   0x08003beb   Thumb Code   152  tasks.o(.text)
    xTaskNotifyStateClear                    0x08003c83   Thumb Code    48  tasks.o(.text)
    api_GetSystemTimePeriod                  0x08003cd1   Thumb Code    30  apilib.o(.text)
    api_GetCurrentSystemTime                 0x08003cef   Thumb Code     6  apilib.o(.text)
    api_UART1_SendData                       0x08003cf5   Thumb Code    58  apilib.o(.text)
    api_UART1_MainBoard_SendCMDData          0x08003d2f   Thumb Code    86  apilib.o(.text)
    api_ClearUART1ReceiveFlag                0x08003d85   Thumb Code    20  apilib.o(.text)
    api_UART1_ReceiveData                    0x08003d99   Thumb Code   528  apilib.o(.text)
    api_UART4_SendData                       0x08003fa9   Thumb Code    44  apilib.o(.text)
    api_UART4_DEBUG_SendCMDData              0x08003fd5   Thumb Code    86  apilib.o(.text)
    api_ClearUART4ReceiveFlag                0x0800402b   Thumb Code    20  apilib.o(.text)
    api_UART4_ReceiveData                    0x0800403f   Thumb Code   604  apilib.o(.text)
    api_UART5_SendData                       0x0800429b   Thumb Code    46  apilib.o(.text)
    api_UART5_Display_SendCMDData            0x080042c9   Thumb Code    70  apilib.o(.text)
    api_ClearUART5ReceiveFlag                0x0800430f   Thumb Code    20  apilib.o(.text)
    api_UART5_ReceiveData                    0x08004323   Thumb Code   368  apilib.o(.text)
    api_MachinePowerOn                       0x08004493   Thumb Code   152  apilib.o(.text)
    api_Send_Signal                          0x0800452b   Thumb Code  1360  apilib.o(.text)
    api_Control_Motor                        0x08004a7b   Thumb Code   204  apilib.o(.text)
    api_ReadGpioInputStauts                  0x08004b47   Thumb Code    68  apilib.o(.text)
    api_ReadWheelGpioInputStauts             0x08004b8b   Thumb Code    62  apilib.o(.text)
    api_Check_PWM_One                        0x08004bc9   Thumb Code   170  apilib.o(.text)
    api_Check_PWM                            0x08004c73   Thumb Code    76  apilib.o(.text)
    api_Check_Wheel_PWM                      0x08004cbf   Thumb Code   258  apilib.o(.text)
    api_Test_ADC                             0x08004dc1   Thumb Code    76  apilib.o(.text)
    api_Guide_Send                           0x08004e0d   Thumb Code    72  apilib.o(.text)
    api_Check_MainBoard_Mode                 0x08004e55   Thumb Code    32  apilib.o(.text)
    NumToChar                                0x08004e75   Thumb Code    66  apilib.o(.text)
    api_ShortToStr                           0x08004eb7   Thumb Code   144  apilib.o(.text)
    Key_Status_Analyze                       0x08004f55   Thumb Code    38  tk_timercontroller.o(.text)
    TimerDetection                           0x08004f7b   Thumb Code   390  tk_timercontroller.o(.text)
    TK_TimerController                       0x08005101   Thumb Code    50  tk_timercontroller.o(.text)
    api_SendCMD_To_Display                   0x08005141   Thumb Code   144  tk_testcontroller.o(.text)
    api_SendCMD_To_MainBoard                 0x080051d1   Thumb Code   224  tk_testcontroller.o(.text)
    Check_MainBoard_Version                  0x080052b1   Thumb Code   398  tk_testcontroller.o(.text)
    TK_TestController                        0x0800543f   Thumb Code 11222  tk_testcontroller.o(.text)
    NVIC_Configure                           0x0800802d   Thumb Code    12  bsp.o(.text)
    HSI_SystemClock                          0x08008039   Thumb Code    86  bsp.o(.text)
    HSE_SystemClock                          0x0800808f   Thumb Code    86  bsp.o(.text)
    RCC_Configure                            0x080080e5   Thumb Code   114  bsp.o(.text)
    IWDG_Configure                           0x08008157   Thumb Code    30  bsp.o(.text)
    Systick_Configure                        0x08008175   Thumb Code    88  bsp.o(.text)
    TIM2_Configure                           0x080081cd   Thumb Code    86  bsp.o(.text)
    TIM3_Configure                           0x08008223   Thumb Code    84  bsp.o(.text)
    TIM4_Configure                           0x08008277   Thumb Code    82  bsp.o(.text)
    GPIO_Configure                           0x080082c9   Thumb Code   732  bsp.o(.text)
    UART1_Configure                          0x080085a5   Thumb Code   146  bsp.o(.text)
    UART3_Configure                          0x08008637   Thumb Code   146  bsp.o(.text)
    UART4_Configure                          0x080086c9   Thumb Code   146  bsp.o(.text)
    UART5_Configure                          0x0800875b   Thumb Code   142  bsp.o(.text)
    ADC1_Configure                           0x080087e9   Thumb Code   340  bsp.o(.text)
    TIM1_PWM_Configure                       0x0800893d   Thumb Code   148  bsp.o(.text)
    BSP_Init                                 0x080089d1   Thumb Code    52  bsp.o(.text)
    Param_Init                               0x08008a05   Thumb Code   648  bsp.o(.text)
    prvSetupHardware                         0x08008c8d   Thumb Code    12  bsp.o(.text)
    vCreateTaskManager                       0x08008cb1   Thumb Code    44  main.o(.text)
    vCreateQueueAndSemphr                    0x08008cdd   Thumb Code     2  main.o(.text)
    main                                     0x08008cdf   Thumb Code    22  main.o(.text)
    vApplicationTickHook                     0x08008cf5   Thumb Code     2  main.o(.text)
    NMI_Handler                              0x08008d21   Thumb Code     2  stm32f10x_it.o(.text)
    HardFault_Handler                        0x08008d23   Thumb Code     4  stm32f10x_it.o(.text)
    MemManage_Handler                        0x08008d27   Thumb Code     4  stm32f10x_it.o(.text)
    BusFault_Handler                         0x08008d2b   Thumb Code     4  stm32f10x_it.o(.text)
    UsageFault_Handler                       0x08008d2f   Thumb Code     4  stm32f10x_it.o(.text)
    DebugMon_Handler                         0x08008d33   Thumb Code     2  stm32f10x_it.o(.text)
    TIM2_IRQHandler                          0x08008d35   Thumb Code    48  stm32f10x_it.o(.text)
    TIM3_IRQHandler                          0x08008d65   Thumb Code   274  stm32f10x_it.o(.text)
    TIM4_IRQHandler                          0x08008e77   Thumb Code  1174  stm32f10x_it.o(.text)
    USART1_IRQHandler                        0x0800930d   Thumb Code   192  stm32f10x_it.o(.text)
    USART3_IRQHandler                        0x080093cd   Thumb Code    56  stm32f10x_it.o(.text)
    UART4_IRQHandler                         0x08009405   Thumb Code   194  stm32f10x_it.o(.text)
    UART5_IRQHandler                         0x080094c7   Thumb Code   220  stm32f10x_it.o(.text)
    EEPROM_Read_HalfWord                     0x080095ad   Thumb Code     6  eeprom.o(.text)
    EEPROM_Write_NoCheck                     0x080095b3   Thumb Code    38  eeprom.o(.text)
    api_EEPROM_Write_Buffer                  0x080095d9   Thumb Code    58  eeprom.o(.text)
    api_EEPROM_EarsePage                     0x08009613   Thumb Code    50  eeprom.o(.text)
    __aeabi_memset                           0x0800964b   Thumb Code    14  memseta.o(.text)
    __aeabi_memset4                          0x0800964b   Thumb Code     0  memseta.o(.text)
    __aeabi_memset8                          0x0800964b   Thumb Code     0  memseta.o(.text)
    __aeabi_memclr                           0x08009659   Thumb Code     4  memseta.o(.text)
    __aeabi_memclr4                          0x08009659   Thumb Code     0  memseta.o(.text)
    __aeabi_memclr8                          0x08009659   Thumb Code     0  memseta.o(.text)
    _memset$wrapper                          0x0800965d   Thumb Code    18  memseta.o(.text)
    __scatterload                            0x08009671   Thumb Code    28  init.o(.text)
    __scatterload_rt2                        0x08009671   Thumb Code     0  init.o(.text)
    __scatterload_copy                       0x08009695   Thumb Code    14  handlers.o(i.__scatterload_copy)
    __scatterload_null                       0x080096a3   Thumb Code     2  handlers.o(i.__scatterload_null)
    __scatterload_zeroinit                   0x080096a5   Thumb Code    14  handlers.o(i.__scatterload_zeroinit)
    Region$$Table$$Base                      0x080096b4   Number         0  anon$$obj.o(Region$$Table)
    Region$$Table$$Limit                     0x080096d4   Number         0  anon$$obj.o(Region$$Table)
    SystemCoreClock                          0x20000000   Data           4  system_stm32f10x.o(.data)
    AHBPrescTable                            0x20000004   Data          16  system_stm32f10x.o(.data)
    pxCurrentTCB                             0x20000044   Data           4  tasks.o(.data)
    xMainBoardVersion                        0x20000080   Data           4  tk_testcontroller.o(.data)
    sssss                                    0x20000084   Data           1  tk_testcontroller.o(.data)
    xTaskTimer                               0x2000008c   Data           4  main.o(.data)
    xTaskTest                                0x20000090   Data           4  main.o(.data)
    ssss                                     0x20004198   Data          32  tk_testcontroller.o(.bss)
    mMaininf                                 0x200041b8   Data         920  main.o(.bss)
    ADCValue                                 0x20004550   Data          16  main.o(.bss)
    __initial_sp                             0x20004960   Data           0  startup_stm32f10x_hd.o(STACK)



==============================================================================

Memory Map of the image

  Image Entry point : 0x08000131

  Load Region LR_IROM1 (Base: 0x08000000, Size: 0x00009768, Max: 0x00080000, ABSOLUTE)

    Execution Region ER_IROM1 (Base: 0x08000000, Size: 0x000096d4, Max: 0x00080000, ABSOLUTE)

    Base Addr    Size         Type   Attr      Idx    E Section Name        Object

    0x08000000   0x00000130   Data   RO          116    RESET               startup_stm32f10x_hd.o
    0x08000130   0x00000000   Code   RO          847  * .ARM.Collect$$$$00000000  mc_w.l(entry.o)
    0x08000130   0x00000004   Code   RO          884    .ARM.Collect$$$$00000001  mc_w.l(entry2.o)
    0x08000134   0x00000004   Code   RO          887    .ARM.Collect$$$$00000004  mc_w.l(entry5.o)
    0x08000138   0x00000000   Code   RO          889    .ARM.Collect$$$$00000008  mc_w.l(entry7b.o)
    0x08000138   0x00000000   Code   RO          891    .ARM.Collect$$$$0000000A  mc_w.l(entry8b.o)
    0x08000138   0x00000008   Code   RO          892    .ARM.Collect$$$$0000000B  mc_w.l(entry9a.o)
    0x08000140   0x00000000   Code   RO          894    .ARM.Collect$$$$0000000D  mc_w.l(entry10a.o)
    0x08000140   0x00000000   Code   RO          896    .ARM.Collect$$$$0000000F  mc_w.l(entry11a.o)
    0x08000140   0x00000004   Code   RO          885    .ARM.Collect$$$$00002712  mc_w.l(entry2.o)
    0x08000144   0x00000096   Code   RO          422    .emb_text           port.o
    0x080001da   0x00000002   PAD
    0x080001dc   0x000001dc   Code   RO           17    .text               system_stm32f10x.o
    0x080003b8   0x00000024   Code   RO          117    .text               startup_stm32f10x_hd.o
    0x080003dc   0x000000dc   Code   RO          121    .text               misc.o
    0x080004b8   0x0000044e   Code   RO          156    .text               stm32f10x_adc.o
    0x08000906   0x00000002   PAD
    0x08000908   0x00000250   Code   RO          240    .text               stm32f10x_dma.o
    0x08000b58   0x000005bc   Code   RO          264    .text               stm32f10x_flash.o
    0x08001114   0x00000358   Code   RO          288    .text               stm32f10x_gpio.o
    0x0800146c   0x00000040   Code   RO          312    .text               stm32f10x_iwdg.o
    0x080014ac   0x000003a4   Code   RO          336    .text               stm32f10x_rcc.o
    0x08001850   0x00000e1a   Code   RO          386    .text               stm32f10x_tim.o
    0x0800266a   0x00000002   PAD
    0x0800266c   0x00000408   Code   RO          398    .text               stm32f10x_usart.o
    0x08002a74   0x000000f0   Code   RO          423    .text               port.o
    0x08002b64   0x00000124   Code   RO          470    .text               heap_2.o
    0x08002c88   0x00000094   Code   RO          506    .text               list.o
    0x08002d1c   0x00000fb4   Code   RO          548    .text               tasks.o
    0x08003cd0   0x00001284   Code   RO          582    .text               apilib.o
    0x08004f54   0x000001ec   Code   RO          654    .text               tk_timercontroller.o
    0x08005140   0x00002eec   Code   RO          685    .text               tk_testcontroller.o
    0x0800802c   0x00000c84   Code   RO          723    .text               bsp.o
    0x08008cb0   0x00000070   Code   RO          748    .text               main.o
    0x08008d20   0x0000088c   Code   RO          779    .text               stm32f10x_it.o
    0x080095ac   0x0000009e   Code   RO          810    .text               eeprom.o
    0x0800964a   0x00000024   Code   RO          852    .text               mc_w.l(memseta.o)
    0x0800966e   0x00000002   PAD
    0x08009670   0x00000024   Code   RO          916    .text               mc_w.l(init.o)
    0x08009694   0x0000000e   Code   RO          930    i.__scatterload_copy  mc_w.l(handlers.o)
    0x080096a2   0x00000002   Code   RO          931    i.__scatterload_null  mc_w.l(handlers.o)
    0x080096a4   0x0000000e   Code   RO          932    i.__scatterload_zeroinit  mc_w.l(handlers.o)
    0x080096b2   0x00000002   PAD
    0x080096b4   0x00000020   Data   RO          928    Region$$Table       anon$$obj.o


    Execution Region RW_IRAM1 (Base: 0x20000000, Size: 0x00004960, Max: 0x00010000, ABSOLUTE)

    Base Addr    Size         Type   Attr      Idx    E Section Name        Object

    0x20000000   0x00000014   Data   RW           18    .data               system_stm32f10x.o
    0x20000014   0x00000014   Data   RW          337    .data               stm32f10x_rcc.o
    0x20000028   0x00000004   Data   RW          424    .data               port.o
    0x2000002c   0x00000018   Data   RW          472    .data               heap_2.o
    0x20000044   0x0000003c   Data   RW          550    .data               tasks.o
    0x20000080   0x00000005   Data   RW          687    .data               tk_testcontroller.o
    0x20000085   0x00000001   Data   RW          724    .data               bsp.o
    0x20000086   0x00000002   PAD
    0x20000088   0x0000000c   Data   RW          750    .data               main.o
    0x20000094   0x00004000   Zero   RW          471    .bss                heap_2.o
    0x20004094   0x00000104   Zero   RW          549    .bss                tasks.o
    0x20004198   0x00000020   Zero   RW          686    .bss                tk_testcontroller.o
    0x200041b8   0x000003a8   Zero   RW          749    .bss                main.o
    0x20004560   0x00000400   Zero   RW          114    STACK               startup_stm32f10x_hd.o


==============================================================================

Image component sizes


      Code (inc. data)   RO Data    RW Data    ZI Data      Debug   Object Name

      4740        292          0          0          0      10378   apilib.o
      3204        204          0          1          0      21786   bsp.o
         0          0          0          0          0       4244   core_cm3.o
       158          0          0          0          0      17204   eeprom.o
       292         20          0         24      16384      12968   heap_2.o
       148          0          0          0          0       1958   list.o
       112         42          0         12        936       7350   main.o
       220         20          0          0          0     216225   misc.o
       390         30          0          4          0       9468   port.o
        36          8        304          0       1024        856   startup_stm32f10x_hd.o
      1102         26          0          0          0      11057   stm32f10x_adc.o
       592          8          0          0          0       4550   stm32f10x_dma.o
      1468         34          0          0          0       8250   stm32f10x_flash.o
       856         40          0          0          0       5861   stm32f10x_gpio.o
      2188         82          0          0          0       2861   stm32f10x_it.o
        64          6          0          0          0       1369   stm32f10x_iwdg.o
       932         44          0         20          0       9124   stm32f10x_rcc.o
      3610         88          0          0          0      22352   stm32f10x_tim.o
      1032         22          0          0          0       8592   stm32f10x_usart.o
       476         36          0         20          0      62507   system_stm32f10x.o
      4020        262          0         60        260      27040   tasks.o
     12012        352          0          5         32       7307   tk_testcontroller.o
       492         14          0          0          0       1099   tk_timercontroller.o

    ----------------------------------------------------------------------
     38150       1630        336        148      18636     474406   Object Totals
         0          0         32          0          0          0   (incl. Generated)
         6          0          0          2          0          0   (incl. Padding)

    ----------------------------------------------------------------------

      Code (inc. data)   RO Data    RW Data    ZI Data      Debug   Library Member Name

         0          0          0          0          0          0   entry.o
         0          0          0          0          0          0   entry10a.o
         0          0          0          0          0          0   entry11a.o
         8          4          0          0          0          0   entry2.o
         4          0          0          0          0          0   entry5.o
         0          0          0          0          0          0   entry7b.o
         0          0          0          0          0          0   entry8b.o
         8          4          0          0          0          0   entry9a.o
        30          0          0          0          0          0   handlers.o
        36          8          0          0          0         68   init.o
        36          0          0          0          0        108   memseta.o

    ----------------------------------------------------------------------
       126         16          0          0          0        176   Library Totals
         4          0          0          0          0          0   (incl. Padding)

    ----------------------------------------------------------------------

      Code (inc. data)   RO Data    RW Data    ZI Data      Debug   Library Name

       122         16          0          0          0        176   mc_w.l

    ----------------------------------------------------------------------
       126         16          0          0          0        176   Library Totals

    ----------------------------------------------------------------------

==============================================================================


      Code (inc. data)   RO Data    RW Data    ZI Data      Debug   

     38276       1646        336        148      18636     471878   Grand Totals
     38276       1646        336        148      18636     471878   ELF Image Totals
     38276       1646        336        148          0          0   ROM Totals

==============================================================================

    Total RO  Size (Code + RO Data)                38612 (  37.71kB)
    Total RW  Size (RW Data + ZI Data)             18784 (  18.34kB)
    Total ROM Size (Code + RO Data + RW Data)      38760 (  37.85kB)

==============================================================================

